Archive member included to satisfy reference by file (symbol)

C:/ST/STM32CubeIDE_1.18.0/STM32CubeIDE/plugins/com.st.stm32cube.ide.mcu.externaltools.gnu-tools-for-stm32.13.3.rel1.win32_1.0.0.202411081344/tools/bin/../lib/gcc/arm-none-eabi/13.3.1/../../../../arm-none-eabi/lib/thumb/v8-m.main+fp/hard\libc_nano.a(libc_a-exit.o)
                              C:/ST/STM32CubeIDE_1.18.0/STM32CubeIDE/plugins/com.st.stm32cube.ide.mcu.externaltools.gnu-tools-for-stm32.13.3.rel1.win32_1.0.0.202411081344/tools/bin/../lib/gcc/arm-none-eabi/13.3.1/../../../../arm-none-eabi/lib/thumb/v8-m.main+fp/hard/crt0.o (exit)
C:/ST/STM32CubeIDE_1.18.0/STM32CubeIDE/plugins/com.st.stm32cube.ide.mcu.externaltools.gnu-tools-for-stm32.13.3.rel1.win32_1.0.0.202411081344/tools/bin/../lib/gcc/arm-none-eabi/13.3.1/../../../../arm-none-eabi/lib/thumb/v8-m.main+fp/hard\libc_nano.a(libc_a-nano-vfprintf_float.o)
                              (_printf_float)
C:/ST/STM32CubeIDE_1.18.0/STM32CubeIDE/plugins/com.st.stm32cube.ide.mcu.externaltools.gnu-tools-for-stm32.13.3.rel1.win32_1.0.0.202411081344/tools/bin/../lib/gcc/arm-none-eabi/13.3.1/../../../../arm-none-eabi/lib/thumb/v8-m.main+fp/hard\libc_nano.a(libc_a-nano-vfprintf_i.o)
                              C:/ST/STM32CubeIDE_1.18.0/STM32CubeIDE/plugins/com.st.stm32cube.ide.mcu.externaltools.gnu-tools-for-stm32.13.3.rel1.win32_1.0.0.202411081344/tools/bin/../lib/gcc/arm-none-eabi/13.3.1/../../../../arm-none-eabi/lib/thumb/v8-m.main+fp/hard\libc_nano.a(libc_a-nano-vfprintf_float.o) (_printf_common)
C:/ST/STM32CubeIDE_1.18.0/STM32CubeIDE/plugins/com.st.stm32cube.ide.mcu.externaltools.gnu-tools-for-stm32.13.3.rel1.win32_1.0.0.202411081344/tools/bin/../lib/gcc/arm-none-eabi/13.3.1/../../../../arm-none-eabi/lib/thumb/v8-m.main+fp/hard\libc_nano.a(libc_a-findfp.o)
                              C:/ST/STM32CubeIDE_1.18.0/STM32CubeIDE/plugins/com.st.stm32cube.ide.mcu.externaltools.gnu-tools-for-stm32.13.3.rel1.win32_1.0.0.202411081344/tools/bin/../lib/gcc/arm-none-eabi/13.3.1/../../../../arm-none-eabi/lib/thumb/v8-m.main+fp/hard\libc_nano.a(libc_a-exit.o) (__stdio_exit_handler)
C:/ST/STM32CubeIDE_1.18.0/STM32CubeIDE/plugins/com.st.stm32cube.ide.mcu.externaltools.gnu-tools-for-stm32.13.3.rel1.win32_1.0.0.202411081344/tools/bin/../lib/gcc/arm-none-eabi/13.3.1/../../../../arm-none-eabi/lib/thumb/v8-m.main+fp/hard\libc_nano.a(libc_a-fwalk.o)
                              C:/ST/STM32CubeIDE_1.18.0/STM32CubeIDE/plugins/com.st.stm32cube.ide.mcu.externaltools.gnu-tools-for-stm32.13.3.rel1.win32_1.0.0.202411081344/tools/bin/../lib/gcc/arm-none-eabi/13.3.1/../../../../arm-none-eabi/lib/thumb/v8-m.main+fp/hard\libc_nano.a(libc_a-findfp.o) (_fwalk_sglue)
C:/ST/STM32CubeIDE_1.18.0/STM32CubeIDE/plugins/com.st.stm32cube.ide.mcu.externaltools.gnu-tools-for-stm32.13.3.rel1.win32_1.0.0.202411081344/tools/bin/../lib/gcc/arm-none-eabi/13.3.1/../../../../arm-none-eabi/lib/thumb/v8-m.main+fp/hard\libc_nano.a(libc_a-sprintf.o)
                              ./External Library/Src/custom_exception.o (sprintf)
C:/ST/STM32CubeIDE_1.18.0/STM32CubeIDE/plugins/com.st.stm32cube.ide.mcu.externaltools.gnu-tools-for-stm32.13.3.rel1.win32_1.0.0.202411081344/tools/bin/../lib/gcc/arm-none-eabi/13.3.1/../../../../arm-none-eabi/lib/thumb/v8-m.main+fp/hard\libc_nano.a(libc_a-stdio.o)
                              C:/ST/STM32CubeIDE_1.18.0/STM32CubeIDE/plugins/com.st.stm32cube.ide.mcu.externaltools.gnu-tools-for-stm32.13.3.rel1.win32_1.0.0.202411081344/tools/bin/../lib/gcc/arm-none-eabi/13.3.1/../../../../arm-none-eabi/lib/thumb/v8-m.main+fp/hard\libc_nano.a(libc_a-findfp.o) (__sread)
C:/ST/STM32CubeIDE_1.18.0/STM32CubeIDE/plugins/com.st.stm32cube.ide.mcu.externaltools.gnu-tools-for-stm32.13.3.rel1.win32_1.0.0.202411081344/tools/bin/../lib/gcc/arm-none-eabi/13.3.1/../../../../arm-none-eabi/lib/thumb/v8-m.main+fp/hard\libc_nano.a(libc_a-vsprintf.o)
                              ./External Library/Src/custom_oled.o (vsprintf)
C:/ST/STM32CubeIDE_1.18.0/STM32CubeIDE/plugins/com.st.stm32cube.ide.mcu.externaltools.gnu-tools-for-stm32.13.3.rel1.win32_1.0.0.202411081344/tools/bin/../lib/gcc/arm-none-eabi/13.3.1/../../../../arm-none-eabi/lib/thumb/v8-m.main+fp/hard\libc_nano.a(libc_a-memset.o)
                              C:/ST/STM32CubeIDE_1.18.0/STM32CubeIDE/plugins/com.st.stm32cube.ide.mcu.externaltools.gnu-tools-for-stm32.13.3.rel1.win32_1.0.0.202411081344/tools/bin/../lib/gcc/arm-none-eabi/13.3.1/../../../../arm-none-eabi/lib/thumb/v8-m.main+fp/hard/crt0.o (memset)
C:/ST/STM32CubeIDE_1.18.0/STM32CubeIDE/plugins/com.st.stm32cube.ide.mcu.externaltools.gnu-tools-for-stm32.13.3.rel1.win32_1.0.0.202411081344/tools/bin/../lib/gcc/arm-none-eabi/13.3.1/../../../../arm-none-eabi/lib/thumb/v8-m.main+fp/hard\libc_nano.a(libc_a-localeconv.o)
[...]
Memory Configuration

Name             Origin             Length             Attributes
RAM              0x20000000         0x00044000         xrw
FLASH            0x08000000         0x00080000         xr
*default*        0x00000000         0xffffffff

Linker script and memory map

LOAD C:/ST/STM32CubeIDE_1.18.0/STM32CubeIDE/plugins/com.st.stm32cube.ide.mcu.externaltools.gnu-tools-for-stm32.13.3.rel1.win32_1.0.0.202411081344/tools/bin/../lib/gcc/arm-none-eabi/13.3.1/thumb/v8-m.main+fp/hard/crti.o
LOAD C:/ST/STM32CubeIDE_1.18.0/STM32CubeIDE/plugins/com.st.stm32cube.ide.mcu.externaltools.gnu-tools-for-stm32.13.3.rel1.win32_1.0.0.202411081344/tools/bin/../lib/gcc/arm-none-eabi/13.3.1/thumb/v8-m.main+fp/hard/crtbegin.o
LOAD C:/ST/STM32CubeIDE_1.18.0/STM32CubeIDE/plugins/com.st.stm32cube.ide.mcu.externaltools.gnu-tools-for-stm32.13.3.rel1.win32_1.0.0.202411081344/tools/bin/../lib/gcc/arm-none-eabi/13.3.1/../../../../arm-none-eabi/lib/thumb/v8-m.main+fp/hard/crt0.o
LOAD ./Core/Src/main.o
LOAD ./Core/Src/stm32h5xx_it.o
LOAD ./Core/Src/syscalls.o
LOAD ./Core/Src/sysmem.o
LOAD ./Core/Src/system_stm32h5xx.o
LOAD ./Core/Startup/startup_stm32h533retx.o
LOAD ./Drivers/STM32H5xx_HAL_Driver/Src/stm32h5xx_ll_adc.o
LOAD ./Drivers/STM32H5xx_HAL_Driver/Src/stm32h5xx_ll_dma.o
LOAD ./Drivers/STM32H5xx_HAL_Driver/Src/stm32h5xx_ll_exti.o
LOAD ./Drivers/STM32H5xx_HAL_Driver/Src/stm32h5xx_ll_gpio.o
LOAD ./Drivers/STM32H5xx_HAL_Driver/Src/stm32h5xx_ll_icache.o
LOAD ./Drivers/STM32H5xx_HAL_Driver/Src/stm32h5xx_ll_pwr.o
LOAD ./Drivers/STM32H5xx_HAL_Driver/Src/stm32h5xx_ll_rcc.o
LOAD ./Drivers/STM32H5xx_HAL_Driver/Src/stm32h5xx_ll_spi.o
LOAD ./Drivers/STM32H5xx_HAL_Driver/Src/stm32h5xx_ll_tim.o
LOAD ./Drivers/STM32H5xx_HAL_Driver/Src/stm32h5xx_ll_utils.o
LOAD ./External Library/Src/custom_exception.o
LOAD ./External Library/Src/custom_filesystem.o
LOAD ./External Library/Src/custom_flash.o
LOAD ./External Library/Src/custom_oled.o
LOAD ./External Library/Src/custom_switch.o
LOAD ./Main/Src/drive.o
LOAD ./Main/Src/init.o
LOAD ./Main/Src/motor.o
LOAD ./Main/Src/sensor.o
START GROUP
LOAD C:/ST/STM32CubeIDE_1.18.0/STM32CubeIDE/plugins/com.st.stm32cube.ide.mcu.externaltools.gnu-tools-for-stm32.13.3.rel1.win32_1.0.0.202411081344/tools/bin/../lib/gcc/arm-none-eabi/13.3.1/../../../../arm-none-eabi/lib/thumb/v8-m.main+fp/hard\libc_nano.a
LOAD C:/ST/STM32CubeIDE_1.18.0/STM32CubeIDE/plugins/com.st.stm32cube.ide.mcu.externaltools.gnu-tools-for-stm32.13.3.rel1.win32_1.0.0.202411081344/tools/bin/../lib/gcc/arm-none-eabi/13.3.1/../../../../arm-none-eabi/lib/thumb/v8-m.main+fp/hard\libm.a
END GROUP
START GROUP
LOAD C:/ST/STM32CubeIDE_1.18.0/STM32CubeIDE/plugins/com.st.stm32cube.ide.mcu.externaltools.gnu-tools-for-stm32.13.3.rel1.win32_1.0.0.202411081344/tools/bin/../lib/gcc/arm-none-eabi/13.3.1/thumb/v8-m.main+fp/hard\libgcc.a
LOAD C:/ST/STM32CubeIDE_1.18.0/STM32CubeIDE/plugins/com.st.stm32cube.ide.mcu.externaltools.gnu-tools-for-stm32.13.3.rel1.win32_1.0.0.202411081344/tools/bin/../lib/gcc/arm-none-eabi/13.3.1/../../../../arm-none-eabi/lib/thumb/v8-m.main+fp/hard\libc_nano.a
END GROUP
START GROUP
LOAD C:/ST/STM32CubeIDE_1.18.0/STM32CubeIDE/plugins/com.st.stm32cube.ide.mcu.externaltools.gnu-tools-for-stm32.13.3.rel1.win32_1.0.0.202411081344/tools/bin/../lib/gcc/arm-none-eabi/13.3.1/thumb/v8-m.main+fp/hard\libgcc.a
LOAD C:/ST/STM32CubeIDE_1.18.0/STM32CubeIDE/plugins/com.st.stm32cube.ide.mcu.externaltools.gnu-tools-for-stm32.13.3.rel1.win32_1.0.0.202411081344/tools/bin/../lib/gcc/arm-none-eabi/13.3.1/../../../../arm-none-eabi/lib/thumb/v8-m.main+fp/hard\libc_nano.a
LOAD C:/ST/STM32CubeIDE_1.18.0/STM32CubeIDE/plugins/com.st.stm32cube.ide.mcu.externaltools.gnu-tools-for-stm32.13.3.rel1.win32_1.0.0.202411081344/tools/bin/../lib/gcc/arm-none-eabi/13.3.1/../../../../arm-none-eabi/lib/thumb/v8-m.main+fp/hard\libnosys.a
END GROUP
START GROUP
LOAD C:/ST/STM32CubeIDE_1.18.0/STM32CubeIDE/plugins/com.st.stm32cube.ide.mcu.externaltools.gnu-tools-for-stm32.13.3.rel1.win32_1.0.0.202411081344/tools/bin/../lib/gcc/arm-none-eabi/13.3.1/thumb/v8-m.main+fp/hard\libgcc.a
LOAD C:/ST/STM32CubeIDE_1.18.0/STM32CubeIDE/plugins/com.st.stm32cube.ide.mcu.externaltools.gnu-tools-for-stm32.13.3.rel1.win32_1.0.0.202411081344/tools/bin/../lib/gcc/arm-none-eabi/13.3.1/../../../../arm-none-eabi/lib/thumb/v8-m.main+fp/hard\libc_nano.a
LOAD C:/ST/STM32CubeIDE_1.18.0/STM32CubeIDE/plugins/com.st.stm32cube.ide.mcu.externaltools.gnu-tools-for-stm32.13.3.rel1.win32_1.0.0.202411081344/tools/bin/../lib/gcc/arm-none-eabi/13.3.1/../../../../arm-none-eabi/lib/thumb/v8-m.main+fp/hard\libnosys.a
END GROUP
LOAD C:/ST/STM32CubeIDE_1.18.0/STM32CubeIDE/plugins/com.st.stm32cube.ide.mcu.externaltools.gnu-tools-for-stm32.13.3.rel1.win32_1.0.0.202411081344/tools/bin/../lib/gcc/arm-none-eabi/13.3.1/thumb/v8-m.main+fp/hard/crtend.o
LOAD C:/ST/STM32CubeIDE_1.18.0/STM32CubeIDE/plugins/com.st.stm32cube.ide.mcu.externaltools.gnu-tools-for-stm32.13.3.rel1.win32_1.0.0.202411081344/tools/bin/../lib/gcc/arm-none-eabi/13.3.1/thumb/v8-m.main+fp/hard/crtn.o
                0x20044000                        _estack = (ORIGIN (RAM) + LENGTH (RAM))
                0x00000200                        _Min_Heap_Size = 0x200
                0x00000400                        _Min_Stack_Size = 0x400

.isr_vector     0x08000000      0x254
                0x08000000                        . = ALIGN (0x4)
 *(.isr_vector)
 .isr_vector    0x08000000      0x254 ./Core/Startup/startup_stm32h533retx.o
                0x08000000                g_pfnVectors
                0x08000254                        . = ALIGN (0x4)

.text           0x08000258     0x68bc
                0x08000258                        . = ALIGN (0x4)
 *(.text)
 .text          0x08000258       0x40 C:/ST/STM32CubeIDE_1.18.0/STM32CubeIDE/plugins/com.st.stm32cube.ide.mcu.externaltools.gnu-tools-for-stm32.13.3.rel1.win32_1.0.0.202411081344/tools/bin/../lib/gcc/arm-none-eabi/13.3.1/thumb/v8-m.main+fp/hard/crtbegin.o
 .text          0x08000298       0x10 C:/ST/STM32CubeIDE_1.18.0/STM32CubeIDE/plugins/com.st.stm32cube.ide.mcu.externaltools.gnu-tools-for-stm32.13.3.rel1.win32_1.0.0.202411081344/tools/bin/../lib/gcc/arm-none-eabi/13.3.1/../../../../arm-none-eabi/lib/thumb/v8-m.main+fp/hard\libc_nano.a(libc_a-strlen.o)
                0x08000298                strlen
 .text          0x080002a8      0x378 C:/ST/STM32CubeIDE_1.18.0/STM32CubeIDE/plugins/com.st.stm32cube.ide.mcu.externaltools.gnu-tools-for-stm32.13.3.rel1.win32_1.0.0.202411081344/tools/bin/../lib/gcc/arm-none-eabi/13.3.1/thumb/v8-m.main+fp/hard\libgcc.a(_arm_addsubdf3.o)
                0x080002a8                __aeabi_drsub
                0x080002b0                __aeabi_dsub
                0x080002b0                __subdf3
                0x080002b4                __aeabi_dadd
                0x080002b4                __adddf3
                0x0800052c                __floatunsidf
                0x0800052c                __aeabi_ui2d
                0x0800054c                __floatsidf
                0x0800054c                __aeabi_i2d
                0x08000570                __aeabi_f2d
                0x08000570                __extendsfdf2
                0x080005b4                __floatundidf
                0x080005b4                __aeabi_ul2d
                0x080005c4                __floatdidf
                0x080005c4                __aeabi_l2d
 .text          0x08000620      0x424 C:/ST/STM32CubeIDE_1.18.0/STM32CubeIDE/plugins/com.st.stm32cube.ide.mcu.externaltools.gnu-tools-for-stm32.13.3.rel1.win32_1.0.0.202411081344/tools/bin/../lib/gcc/arm-none-eabi/13.3.1/thumb/v8-m.main+fp/hard\libgcc.a(_arm_muldivdf3.o)
                0x08000620                __aeabi_dmul
                0x08000620                __muldf3
                0x08000874                __divdf3
                0x08000874                __aeabi_ddiv
 .text          0x08000a44      0x110 C:/ST/STM32CubeIDE_1.18.0/STM32CubeIDE/plugins/com.st.stm32cube.ide.mcu.externaltools.gnu-tools-for-stm32.13.3.rel1.win32_1.0.0.202411081344/tools/bin/../lib/gcc/arm-none-eabi/13.3.1/thumb/v8-m.main+fp/hard\libgcc.a(_arm_cmpdf2.o)
                0x08000a44                __gtdf2
                0x08000a44                __gedf2
                0x08000a4c                __ltdf2
                0x08000a4c                __ledf2
                0x08000a54                __nedf2
                0x08000a54                __eqdf2
                0x08000a54                __cmpdf2
                0x08000ad0                __aeabi_cdrcmple
                0x08000ae0                __aeabi_cdcmpeq
                0x08000ae0                __aeabi_cdcmple
                0x08000af0                __aeabi_dcmpeq
                0x08000b04                __aeabi_dcmplt
                0x08000b18                __aeabi_dcmple
                0x08000b2c                __aeabi_dcmpge
                0x08000b40                __aeabi_dcmpgt
 .text          0x08000b54       0x2c C:/ST/STM32CubeIDE_1.18.0/STM32CubeIDE/plugins/com.st.stm32cube.ide.mcu.externaltools.gnu-tools-for-stm32.13.3.rel1.win32_1.0.0.202411081344/tools/bin/../lib/gcc/arm-none-eabi/13.3.1/thumb/v8-m.main+fp/hard\libgcc.a(_arm_unorddf2.o)
                0x08000b54                __unorddf2
                0x08000b54                __aeabi_dcmpun
 .text          0x08000b80       0x50 C:/ST/STM32CubeIDE_1.18.0/STM32CubeIDE/plugins/com.st.stm32cube.ide.mcu.externaltools.gnu-tools-for-stm32.13.3.rel1.win32_1.0.0.202411081344/tools/bin/../lib/gcc/arm-none-eabi/13.3.1/thumb/v8-m.main+fp/hard\libgcc.a(_arm_fixdfsi.o)
                0x08000b80                __aeabi_d2iz
                0x08000b80                __fixdfsi
 *(.text*)
 .text.__NVIC_SetPriorityGrouping
                0x08000bd0       0x48 ./Core/Src/main.o
 .text.__NVIC_GetPriorityGrouping
                0x08000c18       0x1c ./Core/Src/main.o
 .text.__NVIC_EnableIRQ
                0x08000c34       0x3c ./Core/Src/main.o
 .text.__NVIC_SetPriority
                0x08000c70       0x54 ./Core/Src/main.o
 .text.NVIC_EncodePriority
                0x08000cc4       0x66 ./Core/Src/main.o
 .text.LL_ADC_REG_SetSamplingMode
                0x08000d2a       0x26 ./Core/Src/main.o
 .text.LL_ADC_REG_SetSequencerRanks
                0x08000d50       0x58 ./Core/Src/main.o
 .text.LL_ADC_SetChannelSamplingTime
                0x08000da8       0x56 ./Core/Src/main.o
 *fill*         0x08000dfe        0x2 
 .text.LL_ADC_SetChannelSingleDiff
                0x08000e00       0x48 ./Core/Src/main.o
 .text.LL_ADC_DisableDeepPowerDown
                0x08000e48       0x24 ./Core/Src/main.o
 .text.LL_ADC_EnableInternalRegulator
                0x08000e6c       0x28 ./Core/Src/main.o
 .text.LL_ICACHE_Enable
                0x08000e94       0x20 ./Core/Src/main.o
 .text.LL_PWR_SetRegulVoltageScaling
                0x08000eb4       0x28 ./Core/Src/main.o
 .text.LL_PWR_DisableUCPDDeadBattery
                0x08000edc       0x20 ./Core/Src/main.o
 .text.LL_PWR_IsActiveFlag_VOS
                0x08000efc       0x24 ./Core/Src/main.o
 .text.LL_RCC_HSE_Enable
                0x08000f20       0x20 ./Core/Src/main.o
 .text.LL_RCC_HSE_IsReady
                0x08000f40       0x28 ./Core/Src/main.o
 .text.LL_RCC_SetSysClkSource
                0x08000f68       0x28 ./Core/Src/main.o
 .text.LL_RCC_GetSysClkSource
                0x08000f90       0x1c ./Core/Src/main.o
 .text.LL_RCC_SetAHBPrescaler
                0x08000fac       0x28 ./Core/Src/main.o
 .text.LL_RCC_SetAPB1Prescaler
                0x08000fd4       0x28 ./Core/Src/main.o
 .text.LL_RCC_SetAPB2Prescaler
                0x08000ffc       0x28 ./Core/Src/main.o
 .text.LL_RCC_SetAPB3Prescaler
                0x08001024       0x28 ./Core/Src/main.o
 .text.LL_RCC_SetClockSource
                0x0800104c       0x54 ./Core/Src/main.o
 .text.LL_RCC_SetSPIClockSource
                0x080010a0       0x16 ./Core/Src/main.o
 *fill*         0x080010b6        0x2 
 .text.LL_RCC_SetADCDACClockSource
                0x080010b8       0x2c ./Core/Src/main.o
 .text.LL_RCC_PLL1_Enable
                0x080010e4       0x20 ./Core/Src/main.o
 .text.LL_RCC_PLL1_IsReady
                0x08001104       0x28 ./Core/Src/main.o
 .text.LL_RCC_PLL1Q_Enable
                0x0800112c       0x20 ./Core/Src/main.o
 .text.LL_RCC_PLL1_SetSource
                0x0800114c       0x28 ./Core/Src/main.o
 .text.LL_RCC_PLL1_SetN
                0x08001174       0x30 ./Core/Src/main.o
 .text.LL_RCC_PLL1_SetP
                0x080011a4       0x2c ./Core/Src/main.o
 .text.LL_RCC_PLL1_SetQ
                0x080011d0       0x2c ./Core/Src/main.o
 .text.LL_RCC_PLL1_SetR
                0x080011fc       0x2c ./Core/Src/main.o
 .text.LL_RCC_PLL1_SetM
                0x08001228       0x2c ./Core/Src/main.o
 .text.LL_RCC_PLL1_SetVCOInputRange
                0x08001254       0x2c ./Core/Src/main.o
 .text.LL_RCC_PLL1_SetVCOOutputRange
                0x08001280       0x2c ./Core/Src/main.o
 .text.LL_AHB2_GRP1_EnableClock
                0x080012ac       0x38 ./Core/Src/main.o
 .text.LL_APB1_GRP1_EnableClock
                0x080012e4       0x38 ./Core/Src/main.o
 .text.LL_APB2_GRP1_EnableClock
                0x0800131c       0x38 ./Core/Src/main.o
 .text.LL_FLASH_SetLatency
                0x08001354       0x28 ./Core/Src/main.o
 .text.LL_FLASH_GetLatency
                0x0800137c       0x1c ./Core/Src/main.o
 .text.LL_EXTI_SetEXTISource
                0x08001398       0x50 ./Core/Src/main.o
 .text.LL_SPI_SetStandard
                0x080013e8       0x26 ./Core/Src/main.o
 .text.LL_SPI_EnableNSSPulseMgt
                0x0800140e       0x20 ./Core/Src/main.o
 .text.LL_TIM_EnableARRPreload
                0x0800142e       0x20 ./Core/Src/main.o
 .text.LL_TIM_DisableARRPreload
                0x0800144e       0x20 ./Core/Src/main.o
 .text.LL_TIM_SetClockSource
                0x0800146e       0x2a ./Core/Src/main.o
 .text.LL_TIM_SetTriggerOutput
                0x08001498       0x2a ./Core/Src/main.o
 .text.LL_TIM_SetTriggerOutput2
                0x080014c2       0x26 ./Core/Src/main.o
 .text.LL_TIM_DisableMasterSlaveMode
                0x080014e8       0x20 ./Core/Src/main.o
 .text.LL_GPIO_SetPinMode
                0x08001508       0x7a ./Core/Src/main.o
 .text.LL_GPIO_SetPinPull
                0x08001582       0x7a ./Core/Src/main.o
 .text.LL_GPIO_ResetOutputPin
                0x080015fc       0x1c ./Core/Src/main.o
 .text.main     0x08001618       0x5c ./Core/Src/main.o
                0x08001618                main
 .text.SystemClock_Config
                0x08001674       0xbc ./Core/Src/main.o
                0x08001674                SystemClock_Config
 .text.MX_ADC1_Init
                0x08001730      0x140 ./Core/Src/main.o
 .text.MX_ADC2_Init
                0x08001870      0x140 ./Core/Src/main.o
 .text.MX_ICACHE_Init
                0x080019b0        0xc ./Core/Src/main.o
 .text.MX_SPI2_Init
                0x080019bc       0xbc ./Core/Src/main.o
 .text.MX_TIM1_Init
                0x08001a78       0x8c ./Core/Src/main.o
 .text.MX_TIM3_Init
                0x08001b04       0x80 ./Core/Src/main.o
 .text.MX_TIM4_Init
                0x08001b84       0x80 ./Core/Src/main.o
 .text.MX_TIM6_Init
                0x08001c04       0x74 ./Core/Src/main.o
 .text.MX_TIM7_Init
                0x08001c78       0x74 ./Core/Src/main.o
 .text.MX_GPIO_Init
                0x08001cec      0x198 ./Core/Src/main.o
 .text.LL_TIM_ClearFlag_UPDATE
                0x08001e84       0x1c ./Core/Src/stm32h5xx_it.o
 .text.NMI_Handler
                0x08001ea0        0x8 ./Core/Src/stm32h5xx_it.o
                0x08001ea0                NMI_Handler
 .text.HardFault_Handler
                0x08001ea8        0x8 ./Core/Src/stm32h5xx_it.o
                0x08001ea8                HardFault_Handler
 .text.MemManage_Handler
                0x08001eb0        0x8 ./Core/Src/stm32h5xx_it.o
                0x08001eb0                MemManage_Handler
 .text.BusFault_Handler
                0x08001eb8        0x8 ./Core/Src/stm32h5xx_it.o
                0x08001eb8                BusFault_Handler
 .text.UsageFault_Handler
                0x08001ec0        0x8 ./Core/Src/stm32h5xx_it.o
                0x08001ec0                UsageFault_Handler
 .text.SVC_Handler
                0x08001ec8        0xe ./Core/Src/stm32h5xx_it.o
                0x08001ec8                SVC_Handler
 .text.DebugMon_Handler
                0x08001ed6        0xe ./Core/Src/stm32h5xx_it.o
                0x08001ed6                DebugMon_Handler
 .text.PendSV_Handler
                0x08001ee4        0xe ./Core/Src/stm32h5xx_it.o
                0x08001ee4                PendSV_Handler
 *fill*         0x08001ef2        0x2 
 .text.SysTick_Handler
                0x08001ef4       0x1c ./Core/Src/stm32h5xx_it.o
                0x08001ef4                SysTick_Handler
 .text.TIM1_BRK_IRQHandler
                0x08001f10       0x14 ./Core/Src/stm32h5xx_it.o
                0x08001f10                TIM1_BRK_IRQHandler
 .text.TIM3_IRQHandler
                0x08001f24       0x18 ./Core/Src/stm32h5xx_it.o
                0x08001f24                TIM3_IRQHandler
 .text.TIM4_IRQHandler
                0x08001f3c       0x18 ./Core/Src/stm32h5xx_it.o
                0x08001f3c                TIM4_IRQHandler
 .text.TIM6_IRQHandler
                0x08001f54       0x18 ./Core/Src/stm32h5xx_it.o
                0x08001f54                TIM6_IRQHandler
 .text.TIM7_IRQHandler
                0x08001f6c       0x18 ./Core/Src/stm32h5xx_it.o
                0x08001f6c                TIM7_IRQHandler
 .text._getpid  0x08001f84       0x10 ./Core/Src/syscalls.o
                0x08001f84                _getpid
 .text._kill    0x08001f94       0x20 ./Core/Src/syscalls.o
                0x08001f94                _kill
 .text._exit    0x08001fb4       0x16 ./Core/Src/syscalls.o
                0x08001fb4                _exit
 .text._read    0x08001fca       0x3a ./Core/Src/syscalls.o
                0x08001fca                _read
 .text._write   0x08002004       0x38 ./Core/Src/syscalls.o
                0x08002004                _write
 .text._close   0x0800203c       0x18 ./Core/Src/syscalls.o
                0x0800203c                _close
 .text._fstat   0x08002054       0x20 ./Core/Src/syscalls.o
                0x08002054                _fstat
 .text._isatty  0x08002074       0x16 ./Core/Src/syscalls.o
                0x08002074                _isatty
 .text._lseek   0x0800208a       0x1a ./Core/Src/syscalls.o
                0x0800208a                _lseek
 .text._sbrk    0x080020a4       0x6c ./Core/Src/sysmem.o
                0x080020a4                _sbrk
 .text.SystemInit
                0x08002110       0xf8 ./Core/Src/system_stm32h5xx.o
                0x08002110                SystemInit
 .text.Reset_Handler
                0x08002208       0x50 ./Core/Startup/startup_stm32h533retx.o
                0x08002208                Reset_Handler
 .text.Default_Handler
                0x08002258        0x2 ./Core/Startup/startup_stm32h533retx.o
                0x08002258                EXTI2_IRQHandler
                0x08002258                TIM8_TRG_COM_IRQHandler
                0x08002258                TIM8_CC_IRQHandler
                0x08002258                EXTI5_IRQHandler
                0x08002258                I3C1_ER_IRQHandler
                0x08002258                SPI4_IRQHandler
                0x08002258                GPDMA2_Channel1_IRQHandler
                0x08002258                FLASH_S_IRQHandler
                0x08002258                EXTI13_IRQHandler
                0x08002258                TIM1_CC_IRQHandler
                0x08002258                GPDMA2_Channel3_IRQHandler
                0x08002258                TAMP_IRQHandler
                0x08002258                EXTI12_IRQHandler
                0x08002258                USB_DRD_FS_IRQHandler
                0x08002258                EXTI3_IRQHandler
                0x08002258                GPDMA1_Channel5_IRQHandler
                0x08002258                EXTI8_IRQHandler
                0x08002258                GPDMA2_Channel5_IRQHandler
                0x08002258                LPTIM2_IRQHandler
                0x08002258                I2C3_ER_IRQHandler
                0x08002258                GPDMA2_Channel2_IRQHandler
                0x08002258                EXTI0_IRQHandler
                0x08002258                I2C2_EV_IRQHandler
                0x08002258                FPU_IRQHandler
                0x08002258                GPDMA1_Channel3_IRQHandler
                0x08002258                GPDMA1_Channel7_IRQHandler
                0x08002258                FDCAN1_IT1_IRQHandler
                0x08002258                RAMCFG_IRQHandler
                0x08002258                DCACHE1_IRQHandler
                0x08002258                SPI1_IRQHandler
                0x08002258                OCTOSPI1_IRQHandler
                0x08002258                GPDMA1_Channel2_IRQHandler
                0x08002258                TIM8_UP_IRQHandler
                0x08002258                RCC_S_IRQHandler
                0x08002258                ADC1_IRQHandler
                0x08002258                PKA_IRQHandler
                0x08002258                USART6_IRQHandler
                0x08002258                I3C2_ER_IRQHandler
                0x08002258                EXTI15_IRQHandler
                0x08002258                USART3_IRQHandler
                0x08002258                RTC_IRQHandler
                0x08002258                EXTI9_IRQHandler
                0x08002258                UART5_IRQHandler
                0x08002258                I3C2_EV_IRQHandler
                0x08002258                I2C1_EV_IRQHandler
                0x08002258                GPDMA1_Channel1_IRQHandler
                0x08002258                UART4_IRQHandler
                0x08002258                SecureFault_Handler
                0x08002258                RCC_IRQHandler
                0x08002258                TIM1_TRG_COM_IRQHandler
                0x08002258                Default_Handler
                0x08002258                CEC_IRQHandler
                0x08002258                OTFDEC1_IRQHandler
                0x08002258                GPDMA2_Channel4_IRQHandler
                0x08002258                TIM12_IRQHandler
                0x08002258                SDMMC1_IRQHandler
                0x08002258                SAES_IRQHandler
                0x08002258                TIM5_IRQHandler
                0x08002258                UCPD1_IRQHandler
                0x08002258                GPDMA1_Channel0_IRQHandler
                0x08002258                I3C1_EV_IRQHandler
                0x08002258                TIM15_IRQHandler
                0x08002258                PVD_AVD_IRQHandler
                0x08002258                I2C3_EV_IRQHandler
                0x08002258                ADC2_IRQHandler
                0x08002258                SPI2_IRQHandler
                0x08002258                EXTI14_IRQHandler
                0x08002258                EXTI11_IRQHandler
                0x08002258                CRS_IRQHandler
                0x08002258                EXTI4_IRQHandler
                0x08002258                GPDMA2_Channel0_IRQHandler
                0x08002258                RTC_S_IRQHandler
                0x08002258                RNG_IRQHandler
                0x08002258                FDCAN2_IT1_IRQHandler
                0x08002258                GPDMA2_Channel6_IRQHandler
                0x08002258                TIM1_UP_IRQHandler
                0x08002258                WWDG_IRQHandler
                0x08002258                FDCAN2_IT0_IRQHandler
                0x08002258                IWDG_IRQHandler
                0x08002258                LPUART1_IRQHandler
                0x08002258                FDCAN1_IT0_IRQHandler
                0x08002258                TIM2_IRQHandler
                0x08002258                GPDMA1_Channel4_IRQHandler
                0x08002258                EXTI7_IRQHandler
                0x08002258                EXTI1_IRQHandler
                0x08002258                AES_IRQHandler
                0x08002258                DAC1_IRQHandler
                0x08002258                DTS_IRQHandler
                0x08002258                GTZC_IRQHandler
                0x08002258                USART2_IRQHandler
                0x08002258                GPDMA1_Channel6_IRQHandler
                0x08002258                GPDMA2_Channel7_IRQHandler
                0x08002258                I2C2_ER_IRQHandler
                0x08002258                TIM8_BRK_IRQHandler
                0x08002258                FLASH_IRQHandler
                0x08002258                USART1_IRQHandler
                0x08002258                EXTI10_IRQHandler
                0x08002258                SPI3_IRQHandler
                0x08002258                I2C1_ER_IRQHandler
                0x08002258                FMC_IRQHandler
                0x08002258                EXTI6_IRQHandler
                0x08002258                LPTIM1_IRQHandler
                0x08002258                DCMI_PSSI_IRQHandler
                0x08002258                ICACHE_IRQHandler
                0x08002258                HASH_IRQHandler
 .text.LL_ADC_REG_SetSequencerLength
                0x0800225a       0x26 ./Drivers/STM32H5xx_HAL_Driver/Src/stm32h5xx_ll_adc.o
 .text.LL_ADC_IsEnabled
                0x08002280       0x26 ./Drivers/STM32H5xx_HAL_Driver/Src/stm32h5xx_ll_adc.o
 *fill*         0x080022a6        0x2 
 .text.LL_ADC_CommonInit
                0x080022a8       0x80 ./Drivers/STM32H5xx_HAL_Driver/Src/stm32h5xx_ll_adc.o
                0x080022a8                LL_ADC_CommonInit
 .text.LL_ADC_Init
                0x08002328       0x4c ./Drivers/STM32H5xx_HAL_Driver/Src/stm32h5xx_ll_adc.o
                0x08002328                LL_ADC_Init
 .text.LL_ADC_REG_Init
                0x08002374       0x94 ./Drivers/STM32H5xx_HAL_Driver/Src/stm32h5xx_ll_adc.o
                0x08002374                LL_ADC_REG_Init
 .text.LL_EXTI_EnableIT_0_31
                0x08002408       0x28 ./Drivers/STM32H5xx_HAL_Driver/Src/stm32h5xx_ll_exti.o
 .text.LL_EXTI_EnableIT_32_63
                0x08002430       0x28 ./Drivers/STM32H5xx_HAL_Driver/Src/stm32h5xx_ll_exti.o
 .text.LL_EXTI_DisableIT_0_31
                0x08002458       0x2c ./Drivers/STM32H5xx_HAL_Driver/Src/stm32h5xx_ll_exti.o
 .text.LL_EXTI_DisableIT_32_63
                0x08002484       0x2c ./Drivers/STM32H5xx_HAL_Driver/Src/stm32h5xx_ll_exti.o
 .text.LL_EXTI_EnableEvent_0_31
                0x080024b0       0x28 ./Drivers/STM32H5xx_HAL_Driver/Src/stm32h5xx_ll_exti.o
 .text.LL_EXTI_EnableEvent_32_63
                0x080024d8       0x28 ./Drivers/STM32H5xx_HAL_Driver/Src/stm32h5xx_ll_exti.o
 .text.LL_EXTI_DisableEvent_0_31
                0x08002500       0x2c ./Drivers/STM32H5xx_HAL_Driver/Src/stm32h5xx_ll_exti.o
 .text.LL_EXTI_DisableEvent_32_63
                0x0800252c       0x2c ./Drivers/STM32H5xx_HAL_Driver/Src/stm32h5xx_ll_exti.o
 .text.LL_EXTI_EnableRisingTrig_0_31
                0x08002558       0x24 ./Drivers/STM32H5xx_HAL_Driver/Src/stm32h5xx_ll_exti.o
 .text.LL_EXTI_EnableRisingTrig_32_63
                0x0800257c       0x24 ./Drivers/STM32H5xx_HAL_Driver/Src/stm32h5xx_ll_exti.o
 .text.LL_EXTI_DisableRisingTrig_0_31
                0x080025a0       0x28 ./Drivers/STM32H5xx_HAL_Driver/Src/stm32h5xx_ll_exti.o
 .text.LL_EXTI_DisableRisingTrig_32_63
                0x080025c8       0x28 ./Drivers/STM32H5xx_HAL_Driver/Src/stm32h5xx_ll_exti.o
 .text.LL_EXTI_EnableFallingTrig_0_31
                0x080025f0       0x24 ./Drivers/STM32H5xx_HAL_Driver/Src/stm32h5xx_ll_exti.o
 .text.LL_EXTI_EnableFallingTrig_32_63
                0x08002614       0x24 ./Drivers/STM32H5xx_HAL_Driver/Src/stm32h5xx_ll_exti.o
 .text.LL_EXTI_DisableFallingTrig_0_31
                0x08002638       0x28 ./Drivers/STM32H5xx_HAL_Driver/Src/stm32h5xx_ll_exti.o
 .text.LL_EXTI_DisableFallingTrig_32_63
                0x08002660       0x28 ./Drivers/STM32H5xx_HAL_Driver/Src/stm32h5xx_ll_exti.o
 .text.LL_EXTI_Init
                0x08002688      0x1e0 ./Drivers/STM32H5xx_HAL_Driver/Src/stm32h5xx_ll_exti.o
                0x08002688                LL_EXTI_Init
 .text.LL_GPIO_SetPinMode
                0x08002868       0x7a ./Drivers/STM32H5xx_HAL_Driver/Src/stm32h5xx_ll_gpio.o
 .text.LL_GPIO_SetPinOutputType
                0x080028e2       0x30 ./Drivers/STM32H5xx_HAL_Driver/Src/stm32h5xx_ll_gpio.o
 .text.LL_GPIO_SetPinSpeed
                0x08002912       0x7a ./Drivers/STM32H5xx_HAL_Driver/Src/stm32h5xx_ll_gpio.o
 .text.LL_GPIO_SetPinPull
                0x0800298c       0x7a ./Drivers/STM32H5xx_HAL_Driver/Src/stm32h5xx_ll_gpio.o
 .text.LL_GPIO_SetAFPin_0_7
                0x08002a06       0x7a ./Drivers/STM32H5xx_HAL_Driver/Src/stm32h5xx_ll_gpio.o
 .text.LL_GPIO_SetAFPin_8_15
                0x08002a80       0x7e ./Drivers/STM32H5xx_HAL_Driver/Src/stm32h5xx_ll_gpio.o
 .text.LL_GPIO_Init
                0x08002afe       0xfc ./Drivers/STM32H5xx_HAL_Driver/Src/stm32h5xx_ll_gpio.o
                0x08002afe                LL_GPIO_Init
 .text.LL_SPI_IsEnabled
                0x08002bfa       0x26 ./Drivers/STM32H5xx_HAL_Driver/Src/stm32h5xx_ll_spi.o
 .text.LL_SPI_SetInternalSSLevel
                0x08002c20       0x26 ./Drivers/STM32H5xx_HAL_Driver/Src/stm32h5xx_ll_spi.o
 .text.LL_SPI_GetNSSPolarity
                0x08002c46       0x1c ./Drivers/STM32H5xx_HAL_Driver/Src/stm32h5xx_ll_spi.o
 .text.LL_SPI_SetCRCPolynomial
                0x08002c62       0x1c ./Drivers/STM32H5xx_HAL_Driver/Src/stm32h5xx_ll_spi.o
 *fill*         0x08002c7e        0x2 
 .text.LL_SPI_Init
                0x08002c80       0xfc ./Drivers/STM32H5xx_HAL_Driver/Src/stm32h5xx_ll_spi.o
                0x08002c80                LL_SPI_Init
 .text.LL_TIM_SetPrescaler
                0x08002d7c       0x1c ./Drivers/STM32H5xx_HAL_Driver/Src/stm32h5xx_ll_tim.o
 .text.LL_TIM_SetAutoReload
                0x08002d98       0x1c ./Drivers/STM32H5xx_HAL_Driver/Src/stm32h5xx_ll_tim.o
 .text.LL_TIM_SetRepetitionCounter
                0x08002db4       0x1c ./Drivers/STM32H5xx_HAL_Driver/Src/stm32h5xx_ll_tim.o
 .text.LL_TIM_GenerateEvent_UPDATE
                0x08002dd0       0x20 ./Drivers/STM32H5xx_HAL_Driver/Src/stm32h5xx_ll_tim.o
 .text.LL_TIM_Init
                0x08002df0      0x1b0 ./Drivers/STM32H5xx_HAL_Driver/Src/stm32h5xx_ll_tim.o
                0x08002df0                LL_TIM_Init
 .text.LL_InitTick
                0x08002fa0       0x34 ./Drivers/STM32H5xx_HAL_Driver/Src/stm32h5xx_ll_utils.o
 .text.LL_Init1msTick
                0x08002fd4       0x1a ./Drivers/STM32H5xx_HAL_Driver/Src/stm32h5xx_ll_utils.o
                0x08002fd4                LL_Init1msTick
 *fill*         0x08002fee        0x2 
 .text.LL_SetSystemCoreClock
                0x08002ff0       0x20 ./Drivers/STM32H5xx_HAL_Driver/Src/stm32h5xx_ll_utils.o
                0x08002ff0                LL_SetSystemCoreClock
 .text.__Custom_Exception_Set_Message
                0x08003010       0x38 ./External Library/Src/custom_exception.o
                0x08003010                __Custom_Exception_Set_Message
 .text.Custom_FileSystem_Load
                0x08003048       0x20 ./External Library/Src/custom_filesystem.o
                0x08003048                Custom_FileSystem_Load
 .text.Custom_Flash_Check_Error
                0x08003068       0x90 ./External Library/Src/custom_flash.o
                0x08003068                Custom_Flash_Check_Error
 .text.Custom_Flash_Read
                0x080030f8       0x64 ./External Library/Src/custom_flash.o
                0x080030f8                Custom_Flash_Read
 .text.LL_SPI_Enable
                0x0800315c       0x20 ./External Library/Src/custom_oled.o
 .text.LL_SPI_StartMasterTransfer
                0x0800317c       0x20 ./External Library/Src/custom_oled.o
 .text.LL_SPI_SetTransferDirection
                0x0800319c       0x3e ./External Library/Src/custom_oled.o
 .text.LL_SPI_IsActiveFlag_TXP
                0x080031da       0x26 ./External Library/Src/custom_oled.o
 .text.LL_SPI_IsActiveFlag_TXC
                0x08003200       0x28 ./External Library/Src/custom_oled.o
 .text.LL_SPI_TransmitData8
                0x08003228       0x20 ./External Library/Src/custom_oled.o
 .text.Custom_GPIO_Set
                0x08003248       0x3a ./External Library/Src/custom_oled.o
 *fill*         0x08003282        0x2 
 .text.Custom_OLED_SPI_Tramsnit_Blocking
                0x08003284       0x44 ./External Library/Src/custom_oled.o
 .text.Custom_OLED_Write_Command
                0x080032c8       0x5c ./External Library/Src/custom_oled.o
 .text.Custom_OLED_Write_Data
                0x08003324       0x78 ./External Library/Src/custom_oled.o
 .text.Custom_OLED_Set_Window
                0x0800339c       0x4a ./External Library/Src/custom_oled.o
 .text.Custom_OLED_Clear
                0x080033e6       0x3e ./External Library/Src/custom_oled.o
                0x080033e6                Custom_OLED_Clear
 .text.Custom_OLED_Init
                0x08003424       0x4c ./External Library/Src/custom_oled.o
                0x08003424                Custom_OLED_Init
 .text.Custom_OLED_Putchar
                0x08003470      0x140 ./External Library/Src/custom_oled.o
                0x08003470                Custom_OLED_Putchar
 .text.Custom_OLED_Printf
                0x080035b0      0x4c8 ./External Library/Src/custom_oled.o
                0x080035b0                Custom_OLED_Printf
 .text.LL_GPIO_ReadInputPort
                0x08003a78       0x18 ./External Library/Src/custom_switch.o
 .text.Custom_Delay_Get_SysTick
                0x08003a90       0x18 ./External Library/Src/custom_switch.o
 .text.Custom_Switch_Init_ButtonState
                0x08003aa8       0x36 ./External Library/Src/custom_switch.o
 *fill*         0x08003ade        0x2 
 .text.Custom_Switch_State_Machine
                0x08003ae0      0x12c ./External Library/Src/custom_switch.o
 .text.Custom_Switch_Read
                0x08003c0c       0xc8 ./External Library/Src/custom_switch.o
                0x08003c0c                Custom_Switch_Read
 .text.Drive_TIM7_IRQ
                0x08003cd4        0xe ./Main/Src/drive.o
                0x08003cd4                Drive_TIM7_IRQ
 *fill*         0x08003ce2        0x2 
 .text.Custom_Delay_us
                0x08003ce4       0x4c ./Main/Src/init.o
 .text.Custom_Delay_ms
                0x08003d30       0x30 ./Main/Src/init.o
 .text.Custom_Delay_Init_SysTick
                0x08003d60       0x28 ./Main/Src/init.o
 .text.Init     0x08003d88       0x7c ./Main/Src/init.o
                0x08003d88                Init
 .text.Motor_L_TIM3_IRQ
                0x08003e04        0xe ./Main/Src/motor.o
                0x08003e04                Motor_L_TIM3_IRQ
 .text.Motor_R_TIM4_IRQ
                0x08003e12        0xe ./Main/Src/motor.o
                0x08003e12                Motor_R_TIM4_IRQ
 .text.Sensor_TIM6_IRQ
                0x08003e20        0xe ./Main/Src/sensor.o
                0x08003e20                Sensor_TIM6_IRQ
 .text.__cvt    0x08003e2e       0xca C:/ST/STM32CubeIDE_1.18.0/STM32CubeIDE/plugins/com.st.stm32cube.ide.mcu.externaltools.gnu-tools-for-stm32.13.3.rel1.win32_1.0.0.202411081344/tools/bin/../lib/gcc/arm-none-eabi/13.3.1/../../../../arm-none-eabi/lib/thumb/v8-m.main+fp/hard\libc_nano.a(libc_a-nano-vfprintf_float.o)
                0x08003e2e                __cvt
 .text.__exponent
                0x08003ef8       0x72 C:/ST/STM32CubeIDE_1.18.0/STM32CubeIDE/plugins/com.st.stm32cube.ide.mcu.externaltools.gnu-tools-for-stm32.13.3.rel1.win32_1.0.0.202411081344/tools/bin/../lib/gcc/arm-none-eabi/13.3.1/../../../../arm-none-eabi/lib/thumb/v8-m.main+fp/hard\libc_nano.a(libc_a-nano-vfprintf_float.o)
                0x08003ef8                __exponent
 *fill*         0x08003f6a        0x2 
 .text._printf_float
                0x08003f6c      0x454 C:/ST/STM32CubeIDE_1.18.0/STM32CubeIDE/plugins/com.st.stm32cube.ide.mcu.externaltools.gnu-tools-for-stm32.13.3.rel1.win32_1.0.0.202411081344/tools/bin/../lib/gcc/arm-none-eabi/13.3.1/../../../../arm-none-eabi/lib/thumb/v8-m.main+fp/hard\libc_nano.a(libc_a-nano-vfprintf_float.o)
                0x08003f6c                _printf_float
 .text._printf_common
                0x080043c0       0xe4 C:/ST/STM32CubeIDE_1.18.0/STM32CubeIDE/plugins/com.st.stm32cube.ide.mcu.externaltools.gnu-tools-for-stm32.13.3.rel1.win32_1.0.0.202411081344/tools/bin/../lib/gcc/arm-none-eabi/13.3.1/../../../../arm-none-eabi/lib/thumb/v8-m.main+fp/hard\libc_nano.a(libc_a-nano-vfprintf_i.o)
                0x080043c0                _printf_common
 .text._printf_i
                0x080044a4      0x23c C:/ST/STM32CubeIDE_1.18.0/STM32CubeIDE/plugins/com.st.stm32cube.ide.mcu.externaltools.gnu-tools-for-stm32.13.3.rel1.win32_1.0.0.202411081344/tools/bin/../lib/gcc/arm-none-eabi/13.3.1/../../../../arm-none-eabi/lib/thumb/v8-m.main+fp/hard\libc_nano.a(libc_a-nano-vfprintf_i.o)
                0x080044a4                _printf_i
 .text.std      0x080046e0       0x6c C:/ST/STM32CubeIDE_1.18.0/STM32CubeIDE/plugins/com.st.stm32cube.ide.mcu.externaltools.gnu-tools-for-stm32.13.3.rel1.win32_1.0.0.202411081344/tools/bin/../lib/gcc/arm-none-eabi/13.3.1/../../../../arm-none-eabi/lib/thumb/v8-m.main+fp/hard\libc_nano.a(libc_a-findfp.o)
 .text.stdio_exit_handler
                0x0800474c       0x18 C:/ST/STM32CubeIDE_1.18.0/STM32CubeIDE/plugins/com.st.stm32cube.ide.mcu.externaltools.gnu-tools-for-stm32.13.3.rel1.win32_1.0.0.202411081344/tools/bin/../lib/gcc/arm-none-eabi/13.3.1/../../../../arm-none-eabi/lib/thumb/v8-m.main+fp/hard\libc_nano.a(libc_a-findfp.o)
 .text.cleanup_stdio
                0x08004764       0x40 C:/ST/STM32CubeIDE_1.18.0/STM32CubeIDE/plugins/com.st.stm32cube.ide.mcu.externaltools.gnu-tools-for-stm32.13.3.rel1.win32_1.0.0.202411081344/tools/bin/../lib/gcc/arm-none-eabi/13.3.1/../../../../arm-none-eabi/lib/thumb/v8-m.main+fp/hard\libc_nano.a(libc_a-findfp.o)
 .text.global_stdio_init.part.0
                0x080047a4       0x3c C:/ST/STM32CubeIDE_1.18.0/STM32CubeIDE/plugins/com.st.stm32cube.ide.mcu.externaltools.gnu-tools-for-stm32.13.3.rel1.win32_1.0.0.202411081344/tools/bin/../lib/gcc/arm-none-eabi/13.3.1/../../../../arm-none-eabi/lib/thumb/v8-m.main+fp/hard\libc_nano.a(libc_a-findfp.o)
 .text.__sfp_lock_acquire
                0x080047e0        0xc C:/ST/STM32CubeIDE_1.18.0/STM32CubeIDE/plugins/com.st.stm32cube.ide.mcu.externaltools.gnu-tools-for-stm32.13.3.rel1.win32_1.0.0.202411081344/tools/bin/../lib/gcc/arm-none-eabi/13.3.1/../../../../arm-none-eabi/lib/thumb/v8-m.main+fp/hard\libc_nano.a(libc_a-findfp.o)
                0x080047e0                __sfp_lock_acquire
 .text.__sfp_lock_release
                0x080047ec        0xc C:/ST/STM32CubeIDE_1.18.0/STM32CubeIDE/plugins/com.st.stm32cube.ide.mcu.externaltools.gnu-tools-for-stm32.13.3.rel1.win32_1.0.0.202411081344/tools/bin/../lib/gcc/arm-none-eabi/13.3.1/../../../../arm-none-eabi/lib/thumb/v8-m.main+fp/hard\libc_nano.a(libc_a-findfp.o)
                0x080047ec                __sfp_lock_release
 .text.__sinit  0x080047f8       0x30 C:/ST/STM32CubeIDE_1.18.0/STM32CubeIDE/plugins/com.st.stm32cube.ide.mcu.externaltools.gnu-tools-for-stm32.13.3.rel1.win32_1.0.0.202411081344/tools/bin/../lib/gcc/arm-none-eabi/13.3.1/../../../../arm-none-eabi/lib/thumb/v8-m.main+fp/hard\libc_nano.a(libc_a-findfp.o)
                0x080047f8                __sinit
 .text._fwalk_sglue
                0x08004828       0x3c C:/ST/STM32CubeIDE_1.18.0/STM32CubeIDE/plugins/com.st.stm32cube.ide.mcu.externaltools.gnu-tools-for-stm32.13.3.rel1.win32_1.0.0.202411081344/tools/bin/../lib/gcc/arm-none-eabi/13.3.1/../../../../arm-none-eabi/lib/thumb/v8-m.main+fp/hard\libc_nano.a(libc_a-fwalk.o)
                0x08004828                _fwalk_sglue
 .text.__sread  0x08004864       0x22 C:/ST/STM32CubeIDE_1.18.0/STM32CubeIDE/plugins/com.st.stm32cube.ide.mcu.externaltools.gnu-tools-for-stm32.13.3.rel1.win32_1.0.0.202411081344/tools/bin/../lib/gcc/arm-none-eabi/13.3.1/../../../../arm-none-eabi/lib/thumb/v8-m.main+fp/hard\libc_nano.a(libc_a-stdio.o)
                0x08004864                __sread
 .text.__swrite
                0x08004886       0x38 C:/ST/STM32CubeIDE_1.18.0/STM32CubeIDE/plugins/com.st.stm32cube.ide.mcu.externaltools.gnu-tools-for-stm32.13.3.rel1.win32_1.0.0.202411081344/tools/bin/../lib/gcc/arm-none-eabi/13.3.1/../../../../arm-none-eabi/lib/thumb/v8-m.main+fp/hard\libc_nano.a(libc_a-stdio.o)
                0x08004886                __swrite
 .text.__sseek  0x080048be       0x24 C:/ST/STM32CubeIDE_1.18.0/STM32CubeIDE/plugins/com.st.stm32cube.ide.mcu.externaltools.gnu-tools-for-stm32.13.3.rel1.win32_1.0.0.202411081344/tools/bin/../lib/gcc/arm-none-eabi/13.3.1/../../../../arm-none-eabi/lib/thumb/v8-m.main+fp/hard\libc_nano.a(libc_a-stdio.o)
                0x080048be                __sseek
 .text.__sclose
                0x080048e2        0x8 C:/ST/STM32CubeIDE_1.18.0/STM32CubeIDE/plugins/com.st.stm32cube.ide.mcu.externaltools.gnu-tools-for-stm32.13.3.rel1.win32_1.0.0.202411081344/tools/bin/../lib/gcc/arm-none-eabi/13.3.1/../../../../arm-none-eabi/lib/thumb/v8-m.main+fp/hard\libc_nano.a(libc_a-stdio.o)
                0x080048e2                __sclose
 *fill*         0x080048ea        0x2 
 .text._vsprintf_r
                0x080048ec       0x2c C:/ST/STM32CubeIDE_1.18.0/STM32CubeIDE/plugins/com.st.stm32cube.ide.mcu.externaltools.gnu-tools-for-stm32.13.3.rel1.win32_1.0.0.202411081344/tools/bin/../lib/gcc/arm-none-eabi/13.3.1/../../../../arm-none-eabi/lib/thumb/v8-m.main+fp/hard\libc_nano.a(libc_a-vsprintf.o)
                0x080048ec                _vsprintf_r
                0x080048ec                _vsiprintf_r
 .text.vsprintf
                0x08004918       0x14 C:/ST/STM32CubeIDE_1.18.0/STM32CubeIDE/plugins/com.st.stm32cube.ide.mcu.externaltools.gnu-tools-for-stm32.13.3.rel1.win32_1.0.0.202411081344/tools/bin/../lib/gcc/arm-none-eabi/13.3.1/../../../../arm-none-eabi/lib/thumb/v8-m.main+fp/hard\libc_nano.a(libc_a-vsprintf.o)
                0x08004918                vsiprintf
                0x08004918                vsprintf
 .text.memset   0x0800492c       0x10 C:/ST/STM32CubeIDE_1.18.0/STM32CubeIDE/plugins/com.st.stm32cube.ide.mcu.externaltools.gnu-tools-for-stm32.13.3.rel1.win32_1.0.0.202411081344/tools/bin/../lib/gcc/arm-none-eabi/13.3.1/../../../../arm-none-eabi/lib/thumb/v8-m.main+fp/hard\libc_nano.a(libc_a-memset.o)
                0x0800492c                memset
 .text._localeconv_r
                0x0800493c        0x8 C:/ST/STM32CubeIDE_1.18.0/STM32CubeIDE/plugins/com.st.stm32cube.ide.mcu.externaltools.gnu-tools-for-stm32.13.3.rel1.win32_1.0.0.202411081344/tools/bin/../lib/gcc/arm-none-eabi/13.3.1/../../../../arm-none-eabi/lib/thumb/v8-m.main+fp/hard\libc_nano.a(libc_a-localeconv.o)
                0x0800493c                _localeconv_r
 .text._close_r
                0x08004944       0x20 C:/ST/STM32CubeIDE_1.18.0/STM32CubeIDE/plugins/com.st.stm32cube.ide.mcu.externaltools.gnu-tools-for-stm32.13.3.rel1.win32_1.0.0.202411081344/tools/bin/../lib/gcc/arm-none-eabi/13.3.1/../../../../arm-none-eabi/lib/thumb/v8-m.main+fp/hard\libc_nano.a(libc_a-closer.o)
                0x08004944                _close_r
 .text._lseek_r
                0x08004964       0x24 C:/ST/STM32CubeIDE_1.18.0/STM32CubeIDE/plugins/com.st.stm32cube.ide.mcu.externaltools.gnu-tools-for-stm32.13.3.rel1.win32_1.0.0.202411081344/tools/bin/../lib/gcc/arm-none-eabi/13.3.1/../../../../arm-none-eabi/lib/thumb/v8-m.main+fp/hard\libc_nano.a(libc_a-lseekr.o)
                0x08004964                _lseek_r
 .text._read_r  0x08004988       0x24 C:/ST/STM32CubeIDE_1.18.0/STM32CubeIDE/plugins/com.st.stm32cube.ide.mcu.externaltools.gnu-tools-for-stm32.13.3.rel1.win32_1.0.0.202411081344/tools/bin/../lib/gcc/arm-none-eabi/13.3.1/../../../../arm-none-eabi/lib/thumb/v8-m.main+fp/hard\libc_nano.a(libc_a-readr.o)
                0x08004988                _read_r
 .text._write_r
                0x080049ac       0x24 C:/ST/STM32CubeIDE_1.18.0/STM32CubeIDE/plugins/com.st.stm32cube.ide.mcu.externaltools.gnu-tools-for-stm32.13.3.rel1.win32_1.0.0.202411081344/tools/bin/../lib/gcc/arm-none-eabi/13.3.1/../../../../arm-none-eabi/lib/thumb/v8-m.main+fp/hard\libc_nano.a(libc_a-writer.o)
                0x080049ac                _write_r
 .text.__errno  0x080049d0        0xc C:/ST/STM32CubeIDE_1.18.0/STM32CubeIDE/plugins/com.st.stm32cube.ide.mcu.externaltools.gnu-tools-for-stm32.13.3.rel1.win32_1.0.0.202411081344/tools/bin/../lib/gcc/arm-none-eabi/13.3.1/../../../../arm-none-eabi/lib/thumb/v8-m.main+fp/hard\libc_nano.a(libc_a-errno.o)
                0x080049d0                __errno
 .text.__libc_init_array
                0x080049dc       0x48 C:/ST/STM32CubeIDE_1.18.0/STM32CubeIDE/plugins/com.st.stm32cube.ide.mcu.externaltools.gnu-tools-for-stm32.13.3.rel1.win32_1.0.0.202411081344/tools/bin/../lib/gcc/arm-none-eabi/13.3.1/../../../../arm-none-eabi/lib/thumb/v8-m.main+fp/hard\libc_nano.a(libc_a-init.o)
                0x080049dc                __libc_init_array
 .text.__retarget_lock_init_recursive
                0x08004a24        0x2 C:/ST/STM32CubeIDE_1.18.0/STM32CubeIDE/plugins/com.st.stm32cube.ide.mcu.externaltools.gnu-tools-for-stm32.13.3.rel1.win32_1.0.0.202411081344/tools/bin/../lib/gcc/arm-none-eabi/13.3.1/../../../../arm-none-eabi/lib/thumb/v8-m.main+fp/hard\libc_nano.a(libc_a-lock.o)
                0x08004a24                __retarget_lock_init_recursive
 .text.__retarget_lock_acquire_recursive
                0x08004a26        0x2 C:/ST/STM32CubeIDE_1.18.0/STM32CubeIDE/plugins/com.st.stm32cube.ide.mcu.externaltools.gnu-tools-for-stm32.13.3.rel1.win32_1.0.0.202411081344/tools/bin/../lib/gcc/arm-none-eabi/13.3.1/../../../../arm-none-eabi/lib/thumb/v8-m.main+fp/hard\libc_nano.a(libc_a-lock.o)
                0x08004a26                __retarget_lock_acquire_recursive
 .text.__retarget_lock_release_recursive
                0x08004a28        0x2 C:/ST/STM32CubeIDE_1.18.0/STM32CubeIDE/plugins/com.st.stm32cube.ide.mcu.externaltools.gnu-tools-for-stm32.13.3.rel1.win32_1.0.0.202411081344/tools/bin/../lib/gcc/arm-none-eabi/13.3.1/../../../../arm-none-eabi/lib/thumb/v8-m.main+fp/hard\libc_nano.a(libc_a-lock.o)
                0x08004a28                __retarget_lock_release_recursive
 .text.memchr   0x08004a2a       0x1c C:/ST/STM32CubeIDE_1.18.0/STM32CubeIDE/plugins/com.st.stm32cube.ide.mcu.externaltools.gnu-tools-for-stm32.13.3.rel1.win32_1.0.0.202411081344/tools/bin/../lib/gcc/arm-none-eabi/13.3.1/../../../../arm-none-eabi/lib/thumb/v8-m.main+fp/hard\libc_nano.a(libc_a-memchr-stub.o)
                0x08004a2a                memchr
 .text.quorem   0x08004a46      0x11a C:/ST/STM32CubeIDE_1.18.0/STM32CubeIDE/plugins/com.st.stm32cube.ide.mcu.externaltools.gnu-tools-for-stm32.13.3.rel1.win32_1.0.0.202411081344/tools/bin/../lib/gcc/arm-none-eabi/13.3.1/../../../../arm-none-eabi/lib/thumb/v8-m.main+fp/hard\libc_nano.a(libc_a-dtoa.o)
 .text._dtoa_r  0x08004b60      0xba4 C:/ST/STM32CubeIDE_1.18.0/STM32CubeIDE/plugins/com.st.stm32cube.ide.mcu.externaltools.gnu-tools-for-stm32.13.3.rel1.win32_1.0.0.202411081344/tools/bin/../lib/gcc/arm-none-eabi/13.3.1/../../../../arm-none-eabi/lib/thumb/v8-m.main+fp/hard\libc_nano.a(libc_a-dtoa.o)
                0x08004b60                _dtoa_r
 .text._free_r  0x08005704       0x94 C:/ST/STM32CubeIDE_1.18.0/STM32CubeIDE/plugins/com.st.stm32cube.ide.mcu.externaltools.gnu-tools-for-stm32.13.3.rel1.win32_1.0.0.202411081344/tools/bin/../lib/gcc/arm-none-eabi/13.3.1/../../../../arm-none-eabi/lib/thumb/v8-m.main+fp/hard\libc_nano.a(libc_a-freer.o)
                0x08005704                _free_r
 .text.malloc   0x08005798       0x10 C:/ST/STM32CubeIDE_1.18.0/STM32CubeIDE/plugins/com.st.stm32cube.ide.mcu.externaltools.gnu-tools-for-stm32.13.3.rel1.win32_1.0.0.202411081344/tools/bin/../lib/gcc/arm-none-eabi/13.3.1/../../../../arm-none-eabi/lib/thumb/v8-m.main+fp/hard\libc_nano.a(libc_a-malloc.o)
                0x08005798                malloc
 .text.sbrk_aligned
                0x080057a8       0x44 C:/ST/STM32CubeIDE_1.18.0/STM32CubeIDE/plugins/com.st.stm32cube.ide.mcu.externaltools.gnu-tools-for-stm32.13.3.rel1.win32_1.0.0.202411081344/tools/bin/../lib/gcc/arm-none-eabi/13.3.1/../../../../arm-none-eabi/lib/thumb/v8-m.main+fp/hard\libc_nano.a(libc_a-mallocr.o)
 .text._malloc_r
                0x080057ec      0x100 C:/ST/STM32CubeIDE_1.18.0/STM32CubeIDE/plugins/com.st.stm32cube.ide.mcu.externaltools.gnu-tools-for-stm32.13.3.rel1.win32_1.0.0.202411081344/tools/bin/../lib/gcc/arm-none-eabi/13.3.1/../../../../arm-none-eabi/lib/thumb/v8-m.main+fp/hard\libc_nano.a(libc_a-mallocr.o)
                0x080057ec                _malloc_r
 .text.__malloc_lock
                0x080058ec        0xc C:/ST/STM32CubeIDE_1.18.0/STM32CubeIDE/plugins/com.st.stm32cube.ide.mcu.externaltools.gnu-tools-for-stm32.13.3.rel1.win32_1.0.0.202411081344/tools/bin/../lib/gcc/arm-none-eabi/13.3.1/../../../../arm-none-eabi/lib/thumb/v8-m.main+fp/hard\libc_nano.a(libc_a-mlock.o)
                0x080058ec                __malloc_lock
 .text.__malloc_unlock
                0x080058f8        0xc C:/ST/STM32CubeIDE_1.18.0/STM32CubeIDE/plugins/com.st.stm32cube.ide.mcu.externaltools.gnu-tools-for-stm32.13.3.rel1.win32_1.0.0.202411081344/tools/bin/../lib/gcc/arm-none-eabi/13.3.1/../../../../arm-none-eabi/lib/thumb/v8-m.main+fp/hard\libc_nano.a(libc_a-mlock.o)
                0x080058f8                __malloc_unlock
 .text._Balloc  0x08005904       0x80 C:/ST/STM32CubeIDE_1.18.0/STM32CubeIDE/plugins/com.st.stm32cube.ide.mcu.externaltools.gnu-tools-for-stm32.13.3.rel1.win32_1.0.0.202411081344/tools/bin/../lib/gcc/arm-none-eabi/13.3.1/../../../../arm-none-eabi/lib/thumb/v8-m.main+fp/hard\libc_nano.a(libc_a-mprec.o)
                0x08005904                _Balloc
 .text._Bfree   0x08005984       0x44 C:/ST/STM32CubeIDE_1.18.0/STM32CubeIDE/plugins/com.st.stm32cube.ide.mcu.externaltools.gnu-tools-for-stm32.13.3.rel1.win32_1.0.0.202411081344/tools/bin/../lib/gcc/arm-none-eabi/13.3.1/../../../../arm-none-eabi/lib/thumb/v8-m.main+fp/hard\libc_nano.a(libc_a-mprec.o)
                0x08005984                _Bfree
 .text.__multadd
                0x080059c8       0x90 C:/ST/STM32CubeIDE_1.18.0/STM32CubeIDE/plugins/com.st.stm32cube.ide.mcu.externaltools.gnu-tools-for-stm32.13.3.rel1.win32_1.0.0.202411081344/tools/bin/../lib/gcc/arm-none-eabi/13.3.1/../../../../arm-none-eabi/lib/thumb/v8-m.main+fp/hard\libc_nano.a(libc_a-mprec.o)
                0x080059c8                __multadd
 .text.__hi0bits
                0x08005a58       0x3e C:/ST/STM32CubeIDE_1.18.0/STM32CubeIDE/plugins/com.st.stm32cube.ide.mcu.externaltools.gnu-tools-for-stm32.13.3.rel1.win32_1.0.0.202411081344/tools/bin/../lib/gcc/arm-none-eabi/13.3.1/../../../../arm-none-eabi/lib/thumb/v8-m.main+fp/hard\libc_nano.a(libc_a-mprec.o)
                0x08005a58                __hi0bits
 .text.__lo0bits
                0x08005a96       0x5a C:/ST/STM32CubeIDE_1.18.0/STM32CubeIDE/plugins/com.st.stm32cube.ide.mcu.externaltools.gnu-tools-for-stm32.13.3.rel1.win32_1.0.0.202411081344/tools/bin/../lib/gcc/arm-none-eabi/13.3.1/../../../../arm-none-eabi/lib/thumb/v8-m.main+fp/hard\libc_nano.a(libc_a-mprec.o)
                0x08005a96                __lo0bits
 .text.__i2b    0x08005af0       0x2c C:/ST/STM32CubeIDE_1.18.0/STM32CubeIDE/plugins/com.st.stm32cube.ide.mcu.externaltools.gnu-tools-for-stm32.13.3.rel1.win32_1.0.0.202411081344/tools/bin/../lib/gcc/arm-none-eabi/13.3.1/../../../../arm-none-eabi/lib/thumb/v8-m.main+fp/hard\libc_nano.a(libc_a-mprec.o)
                0x08005af0                __i2b
 .text.__multiply
                0x08005b1c      0x148 C:/ST/STM32CubeIDE_1.18.0/STM32CubeIDE/plugins/com.st.stm32cube.ide.mcu.externaltools.gnu-tools-for-stm32.13.3.rel1.win32_1.0.0.202411081344/tools/bin/../lib/gcc/arm-none-eabi/13.3.1/../../../../arm-none-eabi/lib/thumb/v8-m.main+fp/hard\libc_nano.a(libc_a-mprec.o)
                0x08005b1c                __multiply
 .text.__pow5mult
                0x08005c64       0xb4 C:/ST/STM32CubeIDE_1.18.0/STM32CubeIDE/plugins/com.st.stm32cube.ide.mcu.externaltools.gnu-tools-for-stm32.13.3.rel1.win32_1.0.0.202411081344/tools/bin/../lib/gcc/arm-none-eabi/13.3.1/../../../../arm-none-eabi/lib/thumb/v8-m.main+fp/hard\libc_nano.a(libc_a-mprec.o)
                0x08005c64                __pow5mult
 .text.__lshift
                0x08005d18       0xd8 C:/ST/STM32CubeIDE_1.18.0/STM32CubeIDE/plugins/com.st.stm32cube.ide.mcu.externaltools.gnu-tools-for-stm32.13.3.rel1.win32_1.0.0.202411081344/tools/bin/../lib/gcc/arm-none-eabi/13.3.1/../../../../arm-none-eabi/lib/thumb/v8-m.main+fp/hard\libc_nano.a(libc_a-mprec.o)
                0x08005d18                __lshift
 .text.__mcmp   0x08005df0       0x36 C:/ST/STM32CubeIDE_1.18.0/STM32CubeIDE/plugins/com.st.stm32cube.ide.mcu.externaltools.gnu-tools-for-stm32.13.3.rel1.win32_1.0.0.202411081344/tools/bin/../lib/gcc/arm-none-eabi/13.3.1/../../../../arm-none-eabi/lib/thumb/v8-m.main+fp/hard\libc_nano.a(libc_a-mprec.o)
                0x08005df0                __mcmp
 *fill*         0x08005e26        0x2 
 .text.__mdiff  0x08005e28      0x130 C:/ST/STM32CubeIDE_1.18.0/STM32CubeIDE/plugins/com.st.stm32cube.ide.mcu.externaltools.gnu-tools-for-stm32.13.3.rel1.win32_1.0.0.202411081344/tools/bin/../lib/gcc/arm-none-eabi/13.3.1/../../../../arm-none-eabi/lib/thumb/v8-m.main+fp/hard\libc_nano.a(libc_a-mprec.o)
                0x08005e28                __mdiff
 .text.__d2b    0x08005f58       0xb0 C:/ST/STM32CubeIDE_1.18.0/STM32CubeIDE/plugins/com.st.stm32cube.ide.mcu.externaltools.gnu-tools-for-stm32.13.3.rel1.win32_1.0.0.202411081344/tools/bin/../lib/gcc/arm-none-eabi/13.3.1/../../../../arm-none-eabi/lib/thumb/v8-m.main+fp/hard\libc_nano.a(libc_a-mprec.o)
                0x08005f58                __d2b
 .text.__ssputs_r
                0x08006008       0xb6 C:/ST/STM32CubeIDE_1.18.0/STM32CubeIDE/plugins/com.st.stm32cube.ide.mcu.externaltools.gnu-tools-for-stm32.13.3.rel1.win32_1.0.0.202411081344/tools/bin/../lib/gcc/arm-none-eabi/13.3.1/../../../../arm-none-eabi/lib/thumb/v8-m.main+fp/hard\libc_nano.a(libc_a-nano-svfprintf.o)
                0x08006008                __ssputs_r
 *fill*         0x080060be        0x2 
 .text._svfprintf_r
                0x080060c0      0x1f8 C:/ST/STM32CubeIDE_1.18.0/STM32CubeIDE/plugins/com.st.stm32cube.ide.mcu.externaltools.gnu-tools-for-stm32.13.3.rel1.win32_1.0.0.202411081344/tools/bin/../lib/gcc/arm-none-eabi/13.3.1/../../../../arm-none-eabi/lib/thumb/v8-m.main+fp/hard\libc_nano.a(libc_a-nano-svfprintf.o)
                0x080060c0                _svfiprintf_r
                0x080060c0                _svfprintf_r
 .text.__sflush_r
                0x080062b8      0x108 C:/ST/STM32CubeIDE_1.18.0/STM32CubeIDE/plugins/com.st.stm32cube.ide.mcu.externaltools.gnu-tools-for-stm32.13.3.rel1.win32_1.0.0.202411081344/tools/bin/../lib/gcc/arm-none-eabi/13.3.1/../../../../arm-none-eabi/lib/thumb/v8-m.main+fp/hard\libc_nano.a(libc_a-fflush.o)
                0x080062b8                __sflush_r
 .text._fflush_r
                0x080063c0       0x50 C:/ST/STM32CubeIDE_1.18.0/STM32CubeIDE/plugins/com.st.stm32cube.ide.mcu.externaltools.gnu-tools-for-stm32.13.3.rel1.win32_1.0.0.202411081344/tools/bin/../lib/gcc/arm-none-eabi/13.3.1/../../../../arm-none-eabi/lib/thumb/v8-m.main+fp/hard\libc_nano.a(libc_a-fflush.o)
                0x080063c0                _fflush_r
 .text.memmove  0x08006410       0x34 C:/ST/STM32CubeIDE_1.18.0/STM32CubeIDE/plugins/com.st.stm32cube.ide.mcu.externaltools.gnu-tools-for-stm32.13.3.rel1.win32_1.0.0.202411081344/tools/bin/../lib/gcc/arm-none-eabi/13.3.1/../../../../arm-none-eabi/lib/thumb/v8-m.main+fp/hard\libc_nano.a(libc_a-memmove.o)
                0x08006410                memmove
 .text._sbrk_r  0x08006444       0x20 C:/ST/STM32CubeIDE_1.18.0/STM32CubeIDE/plugins/com.st.stm32cube.ide.mcu.externaltools.gnu-tools-for-stm32.13.3.rel1.win32_1.0.0.202411081344/tools/bin/../lib/gcc/arm-none-eabi/13.3.1/../../../../arm-none-eabi/lib/thumb/v8-m.main+fp/hard\libc_nano.a(libc_a-sbrkr.o)
                0x08006444                _sbrk_r
 .text.memcpy   0x08006464       0x1a C:/ST/STM32CubeIDE_1.18.0/STM32CubeIDE/plugins/com.st.stm32cube.ide.mcu.externaltools.gnu-tools-for-stm32.13.3.rel1.win32_1.0.0.202411081344/tools/bin/../lib/gcc/arm-none-eabi/13.3.1/../../../../arm-none-eabi/lib/thumb/v8-m.main+fp/hard\libc_nano.a(libc_a-memcpy-stub.o)
                0x08006464                memcpy
 *fill*         0x0800647e        0x2 
 .text.__assert_func
                0x08006480       0x3c C:/ST/STM32CubeIDE_1.18.0/STM32CubeIDE/plugins/com.st.stm32cube.ide.mcu.externaltools.gnu-tools-for-stm32.13.3.rel1.win32_1.0.0.202411081344/tools/bin/../lib/gcc/arm-none-eabi/13.3.1/../../../../arm-none-eabi/lib/thumb/v8-m.main+fp/hard\libc_nano.a(libc_a-assert.o)
                0x08006480                __assert_func
 .text._calloc_r
                0x080064bc       0x28 C:/ST/STM32CubeIDE_1.18.0/STM32CubeIDE/plugins/com.st.stm32cube.ide.mcu.externaltools.gnu-tools-for-stm32.13.3.rel1.win32_1.0.0.202411081344/tools/bin/../lib/gcc/arm-none-eabi/13.3.1/../../../../arm-none-eabi/lib/thumb/v8-m.main+fp/hard\libc_nano.a(libc_a-callocr.o)
                0x080064bc                _calloc_r
 .text.__ascii_mbtowc
                0x080064e4       0x24 C:/ST/STM32CubeIDE_1.18.0/STM32CubeIDE/plugins/com.st.stm32cube.ide.mcu.externaltools.gnu-tools-for-stm32.13.3.rel1.win32_1.0.0.202411081344/tools/bin/../lib/gcc/arm-none-eabi/13.3.1/../../../../arm-none-eabi/lib/thumb/v8-m.main+fp/hard\libc_nano.a(libc_a-mbtowc_r.o)
                0x080064e4                __ascii_mbtowc
 .text._realloc_r
                0x08006508       0x5c C:/ST/STM32CubeIDE_1.18.0/STM32CubeIDE/plugins/com.st.stm32cube.ide.mcu.externaltools.gnu-tools-for-stm32.13.3.rel1.win32_1.0.0.202411081344/tools/bin/../lib/gcc/arm-none-eabi/13.3.1/../../../../arm-none-eabi/lib/thumb/v8-m.main+fp/hard\libc_nano.a(libc_a-reallocr.o)
                0x08006508                _realloc_r
 .text.__ascii_wctomb
                0x08006564       0x1a C:/ST/STM32CubeIDE_1.18.0/STM32CubeIDE/plugins/com.st.stm32cube.ide.mcu.externaltools.gnu-tools-for-stm32.13.3.rel1.win32_1.0.0.202411081344/tools/bin/../lib/gcc/arm-none-eabi/13.3.1/../../../../arm-none-eabi/lib/thumb/v8-m.main+fp/hard\libc_nano.a(libc_a-wctomb_r.o)
                0x08006564                __ascii_wctomb
 *fill*         0x0800657e        0x2 
 .text.fprintf  0x08006580       0x24 C:/ST/STM32CubeIDE_1.18.0/STM32CubeIDE/plugins/com.st.stm32cube.ide.mcu.externaltools.gnu-tools-for-stm32.13.3.rel1.win32_1.0.0.202411081344/tools/bin/../lib/gcc/arm-none-eabi/13.3.1/../../../../arm-none-eabi/lib/thumb/v8-m.main+fp/hard\libc_nano.a(libc_a-fprintf.o)
                0x08006580                fiprintf
                0x08006580                fprintf
 .text.abort    0x080065a4        0xe C:/ST/STM32CubeIDE_1.18.0/STM32CubeIDE/plugins/com.st.stm32cube.ide.mcu.externaltools.gnu-tools-for-stm32.13.3.rel1.win32_1.0.0.202411081344/tools/bin/../lib/gcc/arm-none-eabi/13.3.1/../../../../arm-none-eabi/lib/thumb/v8-m.main+fp/hard\libc_nano.a(libc_a-abort.o)
                0x080065a4                abort
 .text._malloc_usable_size_r
                0x080065b2       0x10 C:/ST/STM32CubeIDE_1.18.0/STM32CubeIDE/plugins/com.st.stm32cube.ide.mcu.externaltools.gnu-tools-for-stm32.13.3.rel1.win32_1.0.0.202411081344/tools/bin/../lib/gcc/arm-none-eabi/13.3.1/../../../../arm-none-eabi/lib/thumb/v8-m.main+fp/hard\libc_nano.a(libc_a-msizer.o)
                0x080065b2                _malloc_usable_size_r
 .text.__sfputc_r
                0x080065c2       0x2e C:/ST/STM32CubeIDE_1.18.0/STM32CubeIDE/plugins/com.st.stm32cube.ide.mcu.externaltools.gnu-tools-for-stm32.13.3.rel1.win32_1.0.0.202411081344/tools/bin/../lib/gcc/arm-none-eabi/13.3.1/../../../../arm-none-eabi/lib/thumb/v8-m.main+fp/hard\libc_nano.a(libc_a-nano-vfprintf.o)
 .text.__sfputs_r
                0x080065f0       0x24 C:/ST/STM32CubeIDE_1.18.0/STM32CubeIDE/plugins/com.st.stm32cube.ide.mcu.externaltools.gnu-tools-for-stm32.13.3.rel1.win32_1.0.0.202411081344/tools/bin/../lib/gcc/arm-none-eabi/13.3.1/../../../../arm-none-eabi/lib/thumb/v8-m.main+fp/hard\libc_nano.a(libc_a-nano-vfprintf.o)
                0x080065f0                __sfputs_r
 .text._vfprintf_r
                0x08006614      0x230 C:/ST/STM32CubeIDE_1.18.0/STM32CubeIDE/plugins/com.st.stm32cube.ide.mcu.externaltools.gnu-tools-for-stm32.13.3.rel1.win32_1.0.0.202411081344/tools/bin/../lib/gcc/arm-none-eabi/13.3.1/../../../../arm-none-eabi/lib/thumb/v8-m.main+fp/hard\libc_nano.a(libc_a-nano-vfprintf.o)
                0x08006614                _vfprintf_r
                0x08006614                _vfiprintf_r
 .text.__swbuf_r
                0x08006844       0x7c C:/ST/STM32CubeIDE_1.18.0/STM32CubeIDE/plugins/com.st.stm32cube.ide.mcu.externaltools.gnu-tools-for-stm32.13.3.rel1.win32_1.0.0.202411081344/tools/bin/../lib/gcc/arm-none-eabi/13.3.1/../../../../arm-none-eabi/lib/thumb/v8-m.main+fp/hard\libc_nano.a(libc_a-wbuf.o)
                0x08006844                __swbuf_r
 .text.__swsetup_r
                0x080068c0       0xac C:/ST/STM32CubeIDE_1.18.0/STM32CubeIDE/plugins/com.st.stm32cube.ide.mcu.externaltools.gnu-tools-for-stm32.13.3.rel1.win32_1.0.0.202411081344/tools/bin/../lib/gcc/arm-none-eabi/13.3.1/../../../../arm-none-eabi/lib/thumb/v8-m.main+fp/hard\libc_nano.a(libc_a-wsetup.o)
                0x080068c0                __swsetup_r
 .text._raise_r
                0x0800696c       0x50 C:/ST/STM32CubeIDE_1.18.0/STM32CubeIDE/plugins/com.st.stm32cube.ide.mcu.externaltools.gnu-tools-for-stm32.13.3.rel1.win32_1.0.0.202411081344/tools/bin/../lib/gcc/arm-none-eabi/13.3.1/../../../../arm-none-eabi/lib/thumb/v8-m.main+fp/hard\libc_nano.a(libc_a-signal.o)
                0x0800696c                _raise_r
 .text.raise    0x080069bc       0x10 C:/ST/STM32CubeIDE_1.18.0/STM32CubeIDE/plugins/com.st.stm32cube.ide.mcu.externaltools.gnu-tools-for-stm32.13.3.rel1.win32_1.0.0.202411081344/tools/bin/../lib/gcc/arm-none-eabi/13.3.1/../../../../arm-none-eabi/lib/thumb/v8-m.main+fp/hard\libc_nano.a(libc_a-signal.o)
                0x080069bc                raise
 .text._kill_r  0x080069cc       0x24 C:/ST/STM32CubeIDE_1.18.0/STM32CubeIDE/plugins/com.st.stm32cube.ide.mcu.externaltools.gnu-tools-for-stm32.13.3.rel1.win32_1.0.0.202411081344/tools/bin/../lib/gcc/arm-none-eabi/13.3.1/../../../../arm-none-eabi/lib/thumb/v8-m.main+fp/hard\libc_nano.a(libc_a-signalr.o)
                0x080069cc                _kill_r
 .text._getpid_r
                0x080069f0        0x4 C:/ST/STM32CubeIDE_1.18.0/STM32CubeIDE/plugins/com.st.stm32cube.ide.mcu.externaltools.gnu-tools-for-stm32.13.3.rel1.win32_1.0.0.202411081344/tools/bin/../lib/gcc/arm-none-eabi/13.3.1/../../../../arm-none-eabi/lib/thumb/v8-m.main+fp/hard\libc_nano.a(libc_a-signalr.o)
                0x080069f0                _getpid_r
 .text.__swhatbuf_r
                0x080069f4       0x4a C:/ST/STM32CubeIDE_1.18.0/STM32CubeIDE/plugins/com.st.stm32cube.ide.mcu.externaltools.gnu-tools-for-stm32.13.3.rel1.win32_1.0.0.202411081344/tools/bin/../lib/gcc/arm-none-eabi/13.3.1/../../../../arm-none-eabi/lib/thumb/v8-m.main+fp/hard\libc_nano.a(libc_a-makebuf.o)
                0x080069f4                __swhatbuf_r
 .text.__smakebuf_r
                0x08006a3e       0x78 C:/ST/STM32CubeIDE_1.18.0/STM32CubeIDE/plugins/com.st.stm32cube.ide.mcu.externaltools.gnu-tools-for-stm32.13.3.rel1.win32_1.0.0.202411081344/tools/bin/../lib/gcc/arm-none-eabi/13.3.1/../../../../arm-none-eabi/lib/thumb/v8-m.main+fp/hard\libc_nano.a(libc_a-makebuf.o)
                0x08006a3e                __smakebuf_r
 *fill*         0x08006ab6        0x2 
 .text._fstat_r
                0x08006ab8       0x24 C:/ST/STM32CubeIDE_1.18.0/STM32CubeIDE/plugins/com.st.stm32cube.ide.mcu.externaltools.gnu-tools-for-stm32.13.3.rel1.win32_1.0.0.202411081344/tools/bin/../lib/gcc/arm-none-eabi/13.3.1/../../../../arm-none-eabi/lib/thumb/v8-m.main+fp/hard\libc_nano.a(libc_a-fstatr.o)
                0x08006ab8                _fstat_r
 .text._isatty_r
                0x08006adc       0x20 C:/ST/STM32CubeIDE_1.18.0/STM32CubeIDE/plugins/com.st.stm32cube.ide.mcu.externaltools.gnu-tools-for-stm32.13.3.rel1.win32_1.0.0.202411081344/tools/bin/../lib/gcc/arm-none-eabi/13.3.1/../../../../arm-none-eabi/lib/thumb/v8-m.main+fp/hard\libc_nano.a(libc_a-isattyr.o)
                0x08006adc                _isatty_r
 *(.glue_7)
 .glue_7        0x08006afc        0x0 linker stubs
 *(.glue_7t)
 .glue_7t       0x08006afc        0x0 linker stubs
 *(.eh_frame)
 .eh_frame      0x08006afc        0x0 C:/ST/STM32CubeIDE_1.18.0/STM32CubeIDE/plugins/com.st.stm32cube.ide.mcu.externaltools.gnu-tools-for-stm32.13.3.rel1.win32_1.0.0.202411081344/tools/bin/../lib/gcc/arm-none-eabi/13.3.1/thumb/v8-m.main+fp/hard/crtbegin.o
 *(.init)
 .init          0x08006afc        0x4 C:/ST/STM32CubeIDE_1.18.0/STM32CubeIDE/plugins/com.st.stm32cube.ide.mcu.externaltools.gnu-tools-for-stm32.13.3.rel1.win32_1.0.0.202411081344/tools/bin/../lib/gcc/arm-none-eabi/13.3.1/thumb/v8-m.main+fp/hard/crti.o
                0x08006afc                _init
 .init          0x08006b00        0x8 C:/ST/STM32CubeIDE_1.18.0/STM32CubeIDE/plugins/com.st.stm32cube.ide.mcu.externaltools.gnu-tools-for-stm32.13.3.rel1.win32_1.0.0.202411081344/tools/bin/../lib/gcc/arm-none-eabi/13.3.1/thumb/v8-m.main+fp/hard/crtn.o
 *(.fini)
 .fini          0x08006b08        0x4 C:/ST/STM32CubeIDE_1.18.0/STM32CubeIDE/plugins/com.st.stm32cube.ide.mcu.externaltools.gnu-tools-for-stm32.13.3.rel1.win32_1.0.0.202411081344/tools/bin/../lib/gcc/arm-none-eabi/13.3.1/thumb/v8-m.main+fp/hard/crti.o
                0x08006b08                _fini
 .fini          0x08006b0c        0x8 C:/ST/STM32CubeIDE_1.18.0/STM32CubeIDE/plugins/com.st.stm32cube.ide.mcu.externaltools.gnu-tools-for-stm32.13.3.rel1.win32_1.0.0.202411081344/tools/bin/../lib/gcc/arm-none-eabi/13.3.1/thumb/v8-m.main+fp/hard/crtn.o
                0x08006b14                        . = ALIGN (0x4)
                0x08006b14                        _etext = .

.vfp11_veneer   0x08006b14        0x0
 .vfp11_veneer  0x08006b14        0x0 linker stubs

.v4_bx          0x08006b14        0x0
 .v4_bx         0x08006b14        0x0 linker stubs

.iplt           0x08006b14        0x0
 .iplt          0x08006b14        0x0 C:/ST/STM32CubeIDE_1.18.0/STM32CubeIDE/plugins/com.st.stm32cube.ide.mcu.externaltools.gnu-tools-for-stm32.13.3.rel1.win32_1.0.0.202411081344/tools/bin/../lib/gcc/arm-none-eabi/13.3.1/thumb/v8-m.main+fp/hard/crtbegin.o

.rodata         0x08006b18      0x724
                0x08006b18                        . = ALIGN (0x4)
 *(.rodata)
 .rodata        0x08006b18       0xe3 ./External Library/Src/custom_flash.o
 *fill*         0x08006bfb        0x1 
 .rodata        0x08006bfc       0x25 ./External Library/Src/custom_oled.o
 *fill*         0x08006c21        0x3 
 .rodata        0x08006c24       0x23 ./Main/Src/init.o
 *(.rodata*)
 *fill*         0x08006c47        0x1 
 .rodata.STARFONT_ASCII
                0x08006c48      0x280 ./External Library/Src/custom_oled.o
                0x08006c48                STARFONT_ASCII
 .rodata._printf_float.str1.1
                0x08006ec8      0x171 C:/ST/STM32CubeIDE_1.18.0/STM32CubeIDE/plugins/com.st.stm32cube.ide.mcu.externaltools.gnu-tools-for-stm32.13.3.rel1.win32_1.0.0.202411081344/tools/bin/../lib/gcc/arm-none-eabi/13.3.1/../../../../arm-none-eabi/lib/thumb/v8-m.main+fp/hard\libc_nano.a(libc_a-nano-vfprintf_float.o)
                                 0x12 (size before relaxing)
 .rodata._printf_i.str1.1
                0x08007039       0x22 C:/ST/STM32CubeIDE_1.18.0/STM32CubeIDE/plugins/com.st.stm32cube.ide.mcu.externaltools.gnu-tools-for-stm32.13.3.rel1.win32_1.0.0.202411081344/tools/bin/../lib/gcc/arm-none-eabi/13.3.1/../../../../arm-none-eabi/lib/thumb/v8-m.main+fp/hard\libc_nano.a(libc_a-nano-vfprintf_i.o)
 .rodata._dtoa_r.str1.1
                0x08007039       0x8f C:/ST/STM32CubeIDE_1.18.0/STM32CubeIDE/plugins/com.st.stm32cube.ide.mcu.externaltools.gnu-tools-for-stm32.13.3.rel1.win32_1.0.0.202411081344/tools/bin/../lib/gcc/arm-none-eabi/13.3.1/../../../../arm-none-eabi/lib/thumb/v8-m.main+fp/hard\libc_nano.a(libc_a-dtoa.o)
 .rodata._Balloc.str1.1
                0x08007039       0x70 C:/ST/STM32CubeIDE_1.18.0/STM32CubeIDE/plugins/com.st.stm32cube.ide.mcu.externaltools.gnu-tools-for-stm32.13.3.rel1.win32_1.0.0.202411081344/tools/bin/../lib/gcc/arm-none-eabi/13.3.1/../../../../arm-none-eabi/lib/thumb/v8-m.main+fp/hard\libc_nano.a(libc_a-mprec.o)
 .rodata.__multadd.str1.1
                0x08007039       0x11 C:/ST/STM32CubeIDE_1.18.0/STM32CubeIDE/plugins/com.st.stm32cube.ide.mcu.externaltools.gnu-tools-for-stm32.13.3.rel1.win32_1.0.0.202411081344/tools/bin/../lib/gcc/arm-none-eabi/13.3.1/../../../../arm-none-eabi/lib/thumb/v8-m.main+fp/hard\libc_nano.a(libc_a-mprec.o)
 *fill*         0x08007039        0x3 
 .rodata.p05.0  0x0800703c        0xc C:/ST/STM32CubeIDE_1.18.0/STM32CubeIDE/plugins/com.st.stm32cube.ide.mcu.externaltools.gnu-tools-for-stm32.13.3.rel1.win32_1.0.0.202411081344/tools/bin/../lib/gcc/arm-none-eabi/13.3.1/../../../../arm-none-eabi/lib/thumb/v8-m.main+fp/hard\libc_nano.a(libc_a-mprec.o)
 .rodata.__mprec_bigtens
                0x08007048       0x28 C:/ST/STM32CubeIDE_1.18.0/STM32CubeIDE/plugins/com.st.stm32cube.ide.mcu.externaltools.gnu-tools-for-stm32.13.3.rel1.win32_1.0.0.202411081344/tools/bin/../lib/gcc/arm-none-eabi/13.3.1/../../../../arm-none-eabi/lib/thumb/v8-m.main+fp/hard\libc_nano.a(libc_a-mprec.o)
                0x08007048                __mprec_bigtens
 .rodata.__mprec_tens
                0x08007070       0xc8 C:/ST/STM32CubeIDE_1.18.0/STM32CubeIDE/plugins/com.st.stm32cube.ide.mcu.externaltools.gnu-tools-for-stm32.13.3.rel1.win32_1.0.0.202411081344/tools/bin/../lib/gcc/arm-none-eabi/13.3.1/../../../../arm-none-eabi/lib/thumb/v8-m.main+fp/hard\libc_nano.a(libc_a-mprec.o)
                0x08007070                __mprec_tens
 .rodata._svfprintf_r.str1.1
                0x08007138       0x11 C:/ST/STM32CubeIDE_1.18.0/STM32CubeIDE/plugins/com.st.stm32cube.ide.mcu.externaltools.gnu-tools-for-stm32.13.3.rel1.win32_1.0.0.202411081344/tools/bin/../lib/gcc/arm-none-eabi/13.3.1/../../../../arm-none-eabi/lib/thumb/v8-m.main+fp/hard\libc_nano.a(libc_a-nano-svfprintf.o)
 .rodata._setlocale_r.str1.1
                0x08007138        0x9 C:/ST/STM32CubeIDE_1.18.0/STM32CubeIDE/plugins/com.st.stm32cube.ide.mcu.externaltools.gnu-tools-for-stm32.13.3.rel1.win32_1.0.0.202411081344/tools/bin/../lib/gcc/arm-none-eabi/13.3.1/../../../../arm-none-eabi/lib/thumb/v8-m.main+fp/hard\libc_nano.a(libc_a-locale.o)
 .rodata.str1.1
                0x08007138        0x2 C:/ST/STM32CubeIDE_1.18.0/STM32CubeIDE/plugins/com.st.stm32cube.ide.mcu.externaltools.gnu-tools-for-stm32.13.3.rel1.win32_1.0.0.202411081344/tools/bin/../lib/gcc/arm-none-eabi/13.3.1/../../../../arm-none-eabi/lib/thumb/v8-m.main+fp/hard\libc_nano.a(libc_a-locale.o)
 .rodata.__assert_func.str1.1
                0x08007138       0x3d C:/ST/STM32CubeIDE_1.18.0/STM32CubeIDE/plugins/com.st.stm32cube.ide.mcu.externaltools.gnu-tools-for-stm32.13.3.rel1.win32_1.0.0.202411081344/tools/bin/../lib/gcc/arm-none-eabi/13.3.1/../../../../arm-none-eabi/lib/thumb/v8-m.main+fp/hard\libc_nano.a(libc_a-assert.o)
 .rodata._ctype_
                0x08007138      0x101 C:/ST/STM32CubeIDE_1.18.0/STM32CubeIDE/plugins/com.st.stm32cube.ide.mcu.externaltools.gnu-tools-for-stm32.13.3.rel1.win32_1.0.0.202411081344/tools/bin/../lib/gcc/arm-none-eabi/13.3.1/../../../../arm-none-eabi/lib/thumb/v8-m.main+fp/hard\libc_nano.a(libc_a-ctype_.o)
                0x08007138                _ctype_
 .rodata._vfprintf_r.str1.1
                0x08007239       0x11 C:/ST/STM32CubeIDE_1.18.0/STM32CubeIDE/plugins/com.st.stm32cube.ide.mcu.externaltools.gnu-tools-for-stm32.13.3.rel1.win32_1.0.0.202411081344/tools/bin/../lib/gcc/arm-none-eabi/13.3.1/../../../../arm-none-eabi/lib/thumb/v8-m.main+fp/hard\libc_nano.a(libc_a-nano-vfprintf.o)
                0x0800724c                        . = ALIGN (0x4)
 *fill*         0x08007239        0x3 

.ARM.extab      0x0800723c        0x0
                0x0800723c                        . = ALIGN (0x4)
 *(.ARM.extab* .gnu.linkonce.armextab.*)
                0x0800723c                        . = ALIGN (0x4)

.ARM            0x0800723c        0x8
                0x0800723c                        . = ALIGN (0x4)
                0x0800723c                        __exidx_start = .
 *(.ARM.exidx*)
 .ARM.exidx     0x0800723c        0x8 C:/ST/STM32CubeIDE_1.18.0/STM32CubeIDE/plugins/com.st.stm32cube.ide.mcu.externaltools.gnu-tools-for-stm32.13.3.rel1.win32_1.0.0.202411081344/tools/bin/../lib/gcc/arm-none-eabi/13.3.1/../../../../arm-none-eabi/lib/thumb/v8-m.main+fp/hard\libc_nano.a(libc_a-strlen.o)
                0x08007244                        __exidx_end = .
                0x08007244                        . = ALIGN (0x4)

.preinit_array  0x08007244        0x0
                0x08007244                        . = ALIGN (0x4)
                0x08007244                        PROVIDE (__preinit_array_start = .)
 *(.preinit_array*)
                0x08007244                        PROVIDE (__preinit_array_end = .)
                0x08007244                        . = ALIGN (0x4)

.init_array     0x08007244        0x4
                0x08007244                        . = ALIGN (0x4)
                0x08007244                        PROVIDE (__init_array_start = .)
 *(SORT_BY_NAME(.init_array.*))
 *(.init_array*)
 .init_array    0x08007244        0x4 C:/ST/STM32CubeIDE_1.18.0/STM32CubeIDE/plugins/com.st.stm32cube.ide.mcu.externaltools.gnu-tools-for-stm32.13.3.rel1.win32_1.0.0.202411081344/tools/bin/../lib/gcc/arm-none-eabi/13.3.1/thumb/v8-m.main+fp/hard/crtbegin.o
                0x08007248                        PROVIDE (__init_array_end = .)
                0x08007248                        . = ALIGN (0x4)

.fini_array     0x08007248        0x4
                0x08007248                        . = ALIGN (0x4)
                [!provide]                        PROVIDE (__fini_array_start = .)
 *(SORT_BY_NAME(.fini_array.*))
 *(.fini_array*)
 .fini_array    0x08007248        0x4 C:/ST/STM32CubeIDE_1.18.0/STM32CubeIDE/plugins/com.st.stm32cube.ide.mcu.externaltools.gnu-tools-for-stm32.13.3.rel1.win32_1.0.0.202411081344/tools/bin/../lib/gcc/arm-none-eabi/13.3.1/thumb/v8-m.main+fp/hard/crtbegin.o
                [!provide]                        PROVIDE (__fini_array_end = .)
                0x0800724c                        . = ALIGN (0x4)
                0x0800724c                        _sidata = LOADADDR (.data)

.rel.dyn        0x0800724c        0x0
 .rel.iplt      0x0800724c        0x0 C:/ST/STM32CubeIDE_1.18.0/STM32CubeIDE/plugins/com.st.stm32cube.ide.mcu.externaltools.gnu-tools-for-stm32.13.3.rel1.win32_1.0.0.202411081344/tools/bin/../lib/gcc/arm-none-eabi/13.3.1/thumb/v8-m.main+fp/hard/crtbegin.o

.data           0x20000000      0x1cc load address 0x0800724c
                0x20000000                        . = ALIGN (0x4)
                0x20000000                        _sdata = .
 *(.data)
 *(.data*)
 .data.SystemCoreClock
                0x20000000        0x4 ./Core/Src/system_stm32h5xx.o
                0x20000000                SystemCoreClock
 .data.__sglue  0x20000004        0xc C:/ST/STM32CubeIDE_1.18.0/STM32CubeIDE/plugins/com.st.stm32cube.ide.mcu.externaltools.gnu-tools-for-stm32.13.3.rel1.win32_1.0.0.202411081344/tools/bin/../lib/gcc/arm-none-eabi/13.3.1/../../../../arm-none-eabi/lib/thumb/v8-m.main+fp/hard\libc_nano.a(libc_a-findfp.o)
                0x20000004                __sglue
 .data._impure_ptr
                0x20000010        0x4 C:/ST/STM32CubeIDE_1.18.0/STM32CubeIDE/plugins/com.st.stm32cube.ide.mcu.externaltools.gnu-tools-for-stm32.13.3.rel1.win32_1.0.0.202411081344/tools/bin/../lib/gcc/arm-none-eabi/13.3.1/../../../../arm-none-eabi/lib/thumb/v8-m.main+fp/hard\libc_nano.a(libc_a-impure.o)
                0x20000010                _impure_ptr
 .data._impure_data
                0x20000014       0x4c C:/ST/STM32CubeIDE_1.18.0/STM32CubeIDE/plugins/com.st.stm32cube.ide.mcu.externaltools.gnu-tools-for-stm32.13.3.rel1.win32_1.0.0.202411081344/tools/bin/../lib/gcc/arm-none-eabi/13.3.1/../../../../arm-none-eabi/lib/thumb/v8-m.main+fp/hard\libc_nano.a(libc_a-impure.o)
                0x20000014                _impure_data
 .data.__global_locale
                0x20000060      0x16c C:/ST/STM32CubeIDE_1.18.0/STM32CubeIDE/plugins/com.st.stm32cube.ide.mcu.externaltools.gnu-tools-for-stm32.13.3.rel1.win32_1.0.0.202411081344/tools/bin/../lib/gcc/arm-none-eabi/13.3.1/../../../../arm-none-eabi/lib/thumb/v8-m.main+fp/hard\libc_nano.a(libc_a-locale.o)
                0x20000060                __global_locale
 *(.RamFunc)
 *(.RamFunc*)
                0x200001cc                        . = ALIGN (0x4)
                0x200001cc                        _edata = .

.igot.plt       0x200001cc        0x0 load address 0x08007418
 .igot.plt      0x200001cc        0x0 C:/ST/STM32CubeIDE_1.18.0/STM32CubeIDE/plugins/com.st.stm32cube.ide.mcu.externaltools.gnu-tools-for-stm32.13.3.rel1.win32_1.0.0.202411081344/tools/bin/../lib/gcc/arm-none-eabi/13.3.1/thumb/v8-m.main+fp/hard/crtbegin.o
                0x200001cc                        . = ALIGN (0x4)

.bss            0x200001cc     0x12ec load address 0x08007418
                0x200001cc                        _sbss = .
                0x200001cc                        __bss_start__ = _sbss
 *(.bss)
 .bss           0x200001cc       0x1c C:/ST/STM32CubeIDE_1.18.0/STM32CubeIDE/plugins/com.st.stm32cube.ide.mcu.externaltools.gnu-tools-for-stm32.13.3.rel1.win32_1.0.0.202411081344/tools/bin/../lib/gcc/arm-none-eabi/13.3.1/thumb/v8-m.main+fp/hard/crtbegin.o
 *(.bss*)
 .bss.uwTick    0x200001e8        0x4 ./Core/Src/stm32h5xx_it.o
                0x200001e8                uwTick
 .bss.__sbrk_heap_end
                0x200001ec        0x4 ./Core/Src/sysmem.o
 .bss._file     0x200001f0        0x4 ./External Library/Src/custom_exception.o
 .bss._line     0x200001f4        0x4 ./External Library/Src/custom_exception.o
 .bss._message  0x200001f8        0x4 ./External Library/Src/custom_exception.o
 .bss.filesystem
                0x200001fc     0x1001 ./External Library/Src/custom_filesystem.o
                0x200001fc                filesystem
 .bss.filesystemLoaded
                0x200011fd        0x1 ./External Library/Src/custom_filesystem.o
                0x200011fd                filesystemLoaded
 *fill*         0x200011fe        0x2 
 .bss.data.0    0x20001200      0x140 ./External Library/Src/custom_oled.o
 .bss.isInitialized.2
                0x20001340        0x1 ./External Library/Src/custom_switch.o
 *fill*         0x20001341        0x3 
 .bss.sw1.1     0x20001344       0x14 ./External Library/Src/custom_switch.o
 .bss.sw2.0     0x20001358       0x14 ./External Library/Src/custom_switch.o
 .bss.__sf      0x2000136c      0x138 C:/ST/STM32CubeIDE_1.18.0/STM32CubeIDE/plugins/com.st.stm32cube.ide.mcu.externaltools.gnu-tools-for-stm32.13.3.rel1.win32_1.0.0.202411081344/tools/bin/../lib/gcc/arm-none-eabi/13.3.1/../../../../arm-none-eabi/lib/thumb/v8-m.main+fp/hard\libc_nano.a(libc_a-findfp.o)
                0x2000136c                __sf
 .bss.__stdio_exit_handler
                0x200014a4        0x4 C:/ST/STM32CubeIDE_1.18.0/STM32CubeIDE/plugins/com.st.stm32cube.ide.mcu.externaltools.gnu-tools-for-stm32.13.3.rel1.win32_1.0.0.202411081344/tools/bin/../lib/gcc/arm-none-eabi/13.3.1/../../../../arm-none-eabi/lib/thumb/v8-m.main+fp/hard\libc_nano.a(libc_a-findfp.o)
                0x200014a4                __stdio_exit_handler
 .bss.errno     0x200014a8        0x4 C:/ST/STM32CubeIDE_1.18.0/STM32CubeIDE/plugins/com.st.stm32cube.ide.mcu.externaltools.gnu-tools-for-stm32.13.3.rel1.win32_1.0.0.202411081344/tools/bin/../lib/gcc/arm-none-eabi/13.3.1/../../../../arm-none-eabi/lib/thumb/v8-m.main+fp/hard\libc_nano.a(libc_a-reent.o)
                0x200014a8                errno
 .bss.__lock___malloc_recursive_mutex
                0x200014ac        0x1 C:/ST/STM32CubeIDE_1.18.0/STM32CubeIDE/plugins/com.st.stm32cube.ide.mcu.externaltools.gnu-tools-for-stm32.13.3.rel1.win32_1.0.0.202411081344/tools/bin/../lib/gcc/arm-none-eabi/13.3.1/../../../../arm-none-eabi/lib/thumb/v8-m.main+fp/hard\libc_nano.a(libc_a-lock.o)
                0x200014ac                __lock___malloc_recursive_mutex
 .bss.__lock___sfp_recursive_mutex
                0x200014ad        0x1 C:/ST/STM32CubeIDE_1.18.0/STM32CubeIDE/plugins/com.st.stm32cube.ide.mcu.externaltools.gnu-tools-for-stm32.13.3.rel1.win32_1.0.0.202411081344/tools/bin/../lib/gcc/arm-none-eabi/13.3.1/../../../../arm-none-eabi/lib/thumb/v8-m.main+fp/hard\libc_nano.a(libc_a-lock.o)
                0x200014ad                __lock___sfp_recursive_mutex
 *fill*         0x200014ae        0x2 
 .bss.__malloc_sbrk_start
                0x200014b0        0x4 C:/ST/STM32CubeIDE_1.18.0/STM32CubeIDE/plugins/com.st.stm32cube.ide.mcu.externaltools.gnu-tools-for-stm32.13.3.rel1.win32_1.0.0.202411081344/tools/bin/../lib/gcc/arm-none-eabi/13.3.1/../../../../arm-none-eabi/lib/thumb/v8-m.main+fp/hard\libc_nano.a(libc_a-mallocr.o)
                0x200014b0                __malloc_sbrk_start
 .bss.__malloc_free_list
                0x200014b4        0x4 C:/ST/STM32CubeIDE_1.18.0/STM32CubeIDE/plugins/com.st.stm32cube.ide.mcu.externaltools.gnu-tools-for-stm32.13.3.rel1.win32_1.0.0.202411081344/tools/bin/../lib/gcc/arm-none-eabi/13.3.1/../../../../arm-none-eabi/lib/thumb/v8-m.main+fp/hard\libc_nano.a(libc_a-mallocr.o)
                0x200014b4                __malloc_free_list
 *(COMMON)
                0x200014b8                        . = ALIGN (0x4)
                0x200014b8                        _ebss = .
                0x200014b8                        __bss_end__ = _ebss

._user_heap_stack
                0x200014b8      0x600 load address 0x08007418
                0x200014b8                        . = ALIGN (0x8)
                [!provide]                        PROVIDE (end = .)
                0x200014b8                        PROVIDE (_end = .)
                0x200016b8                        . = (. + _Min_Heap_Size)
 *fill*         0x200014b8      0x200 
                0x20001ab8                        . = (. + _Min_Stack_Size)
 *fill*         0x200016b8      0x400 
                0x20001ab8                        . = ALIGN (0x8)

/DISCARD/
 libc.a(*)
 libm.a(*)
 libgcc.a(*)

.ARM.attributes
                0x00000000       0x36
 *(.ARM.attributes)
 .ARM.attributes
                0x00000000       0x26 C:/ST/STM32CubeIDE_1.18.0/STM32CubeIDE/plugins/com.st.stm32cube.ide.mcu.externaltools.gnu-tools-for-stm32.13.3.rel1.win32_1.0.0.202411081344/tools/bin/../lib/gcc/arm-none-eabi/13.3.1/thumb/v8-m.main+fp/hard/crti.o
 .ARM.attributes
                0x00000026       0x38 C:/ST/STM32CubeIDE_1.18.0/STM32CubeIDE/plugins/com.st.stm32cube.ide.mcu.externaltools.gnu-tools-for-stm32.13.3.rel1.win32_1.0.0.202411081344/tools/bin/../lib/gcc/arm-none-eabi/13.3.1/thumb/v8-m.main+fp/hard/crtbegin.o
 .ARM.attributes
                0x0000005e       0x3a ./Core/Src/main.o
 .ARM.attributes
                0x00000098       0x3a ./Core/Src/stm32h5xx_it.o
 .ARM.attributes
                0x000000d2       0x3a ./Core/Src/syscalls.o
 .ARM.attributes
                0x0000010c       0x3a ./Core/Src/sysmem.o
 .ARM.attributes
                0x00000146       0x3a ./Core/Src/system_stm32h5xx.o
 .ARM.attributes
                0x00000180       0x24 ./Core/Startup/startup_stm32h533retx.o
 .ARM.attributes
                0x000001a4       0x3a ./Drivers/STM32H5xx_HAL_Driver/Src/stm32h5xx_ll_adc.o
 .ARM.attributes
                0x000001de       0x3a ./Drivers/STM32H5xx_HAL_Driver/Src/stm32h5xx_ll_exti.o
 .ARM.attributes
                0x00000218       0x3a ./Drivers/STM32H5xx_HAL_Driver/Src/stm32h5xx_ll_gpio.o
 .ARM.attributes
                0x00000252       0x3a ./Drivers/STM32H5xx_HAL_Driver/Src/stm32h5xx_ll_spi.o
 .ARM.attributes
                0x0000028c       0x3a ./Drivers/STM32H5xx_HAL_Driver/Src/stm32h5xx_ll_tim.o
 .ARM.attributes
                0x000002c6       0x3a ./Drivers/STM32H5xx_HAL_Driver/Src/stm32h5xx_ll_utils.o
 .ARM.attributes
                0x00000300       0x3a ./External Library/Src/custom_exception.o
 .ARM.attributes
                0x0000033a       0x3a ./External Library/Src/custom_filesystem.o
 .ARM.attributes
                0x00000374       0x3a ./External Library/Src/custom_flash.o
 .ARM.attributes
                0x000003ae       0x3a ./External Library/Src/custom_oled.o
 .ARM.attributes
                0x000003e8       0x3a ./External Library/Src/custom_switch.o
 .ARM.attributes
                0x00000422       0x3a ./Main/Src/drive.o
 .ARM.attributes
                0x0000045c       0x3a ./Main/Src/init.o
 .ARM.attributes
                0x00000496       0x3a ./Main/Src/motor.o
 .ARM.attributes
                0x000004d0       0x3a ./Main/Src/sensor.o
 .ARM.attributes
                0x0000050a       0x38 C:/ST/STM32CubeIDE_1.18.0/STM32CubeIDE/plugins/com.st.stm32cube.ide.mcu.externaltools.gnu-tools-for-stm32.13.3.rel1.win32_1.0.0.202411081344/tools/bin/../lib/gcc/arm-none-eabi/13.3.1/../../../../arm-none-eabi/lib/thumb/v8-m.main+fp/hard\libc_nano.a(libc_a-nano-vfprintf_float.o)
 .ARM.attributes
                0x00000542       0x38 C:/ST/STM32CubeIDE_1.18.0/STM32CubeIDE/plugins/com.st.stm32cube.ide.mcu.externaltools.gnu-tools-for-stm32.13.3.rel1.win32_1.0.0.202411081344/tools/bin/../lib/gcc/arm-none-eabi/13.3.1/../../../../arm-none-eabi/lib/thumb/v8-m.main+fp/hard\libc_nano.a(libc_a-nano-vfprintf_i.o)
 .ARM.attributes
                0x0000057a       0x38 C:/ST/STM32CubeIDE_1.18.0/STM32CubeIDE/plugins/com.st.stm32cube.ide.mcu.externaltools.gnu-tools-for-stm32.13.3.rel1.win32_1.0.0.202411081344/tools/bin/../lib/gcc/arm-none-eabi/13.3.1/../../../../arm-none-eabi/lib/thumb/v8-m.main+fp/hard\libc_nano.a(libc_a-findfp.o)
 .ARM.attributes
                0x000005b2       0x38 C:/ST/STM32CubeIDE_1.18.0/STM32CubeIDE/plugins/com.st.stm32cube.ide.mcu.externaltools.gnu-tools-for-stm32.13.3.rel1.win32_1.0.0.202411081344/tools/bin/../lib/gcc/arm-none-eabi/13.3.1/../../../../arm-none-eabi/lib/thumb/v8-m.main+fp/hard\libc_nano.a(libc_a-fwalk.o)
 .ARM.attributes
                0x000005ea       0x38 C:/ST/STM32CubeIDE_1.18.0/STM32CubeIDE/plugins/com.st.stm32cube.ide.mcu.externaltools.gnu-tools-for-stm32.13.3.rel1.win32_1.0.0.202411081344/tools/bin/../lib/gcc/arm-none-eabi/13.3.1/../../../../arm-none-eabi/lib/thumb/v8-m.main+fp/hard\libc_nano.a(libc_a-stdio.o)
 .ARM.attributes
                0x00000622       0x38 C:/ST/STM32CubeIDE_1.18.0/STM32CubeIDE/plugins/com.st.stm32cube.ide.mcu.externaltools.gnu-tools-for-stm32.13.3.rel1.win32_1.0.0.202411081344/tools/bin/../lib/gcc/arm-none-eabi/13.3.1/../../../../arm-none-eabi/lib/thumb/v8-m.main+fp/hard\libc_nano.a(libc_a-vsprintf.o)
 .ARM.attributes
                0x0000065a       0x38 C:/ST/STM32CubeIDE_1.18.0/STM32CubeIDE/plugins/com.st.stm32cube.ide.mcu.externaltools.gnu-tools-for-stm32.13.3.rel1.win32_1.0.0.202411081344/tools/bin/../lib/gcc/arm-none-eabi/13.3.1/../../../../arm-none-eabi/lib/thumb/v8-m.main+fp/hard\libc_nano.a(libc_a-memset.o)
 .ARM.attributes
                0x00000692       0x38 C:/ST/STM32CubeIDE_1.18.0/STM32CubeIDE/plugins/com.st.stm32cube.ide.mcu.externaltools.gnu-tools-for-stm32.13.3.rel1.win32_1.0.0.202411081344/tools/bin/../lib/gcc/arm-none-eabi/13.3.1/../../../../arm-none-eabi/lib/thumb/v8-m.main+fp/hard\libc_nano.a(libc_a-localeconv.o)
 .ARM.attributes
                0x000006ca       0x38 C:/ST/STM32CubeIDE_1.18.0/STM32CubeIDE/plugins/com.st.stm32cube.ide.mcu.externaltools.gnu-tools-for-stm32.13.3.rel1.win32_1.0.0.202411081344/tools/bin/../lib/gcc/arm-none-eabi/13.3.1/../../../../arm-none-eabi/lib/thumb/v8-m.main+fp/hard\libc_nano.a(libc_a-closer.o)
 .ARM.attributes
                0x00000702       0x38 C:/ST/STM32CubeIDE_1.18.0/STM32CubeIDE/plugins/com.st.stm32cube.ide.mcu.externaltools.gnu-tools-for-stm32.13.3.rel1.win32_1.0.0.202411081344/tools/bin/../lib/gcc/arm-none-eabi/13.3.1/../../../../arm-none-eabi/lib/thumb/v8-m.main+fp/hard\libc_nano.a(libc_a-reent.o)
 .ARM.attributes
                0x0000073a       0x38 C:/ST/STM32CubeIDE_1.18.0/STM32CubeIDE/plugins/com.st.stm32cube.ide.mcu.externaltools.gnu-tools-for-stm32.13.3.rel1.win32_1.0.0.202411081344/tools/bin/../lib/gcc/arm-none-eabi/13.3.1/../../../../arm-none-eabi/lib/thumb/v8-m.main+fp/hard\libc_nano.a(libc_a-impure.o)
 .ARM.attributes
                0x00000772       0x38 C:/ST/STM32CubeIDE_1.18.0/STM32CubeIDE/plugins/com.st.stm32cube.ide.mcu.externaltools.gnu-tools-for-stm32.13.3.rel1.win32_1.0.0.202411081344/tools/bin/../lib/gcc/arm-none-eabi/13.3.1/../../../../arm-none-eabi/lib/thumb/v8-m.main+fp/hard\libc_nano.a(libc_a-lseekr.o)
 .ARM.attributes
                0x000007aa       0x38 C:/ST/STM32CubeIDE_1.18.0/STM32CubeIDE/plugins/com.st.stm32cube.ide.mcu.externaltools.gnu-tools-for-stm32.13.3.rel1.win32_1.0.0.202411081344/tools/bin/../lib/gcc/arm-none-eabi/13.3.1/../../../../arm-none-eabi/lib/thumb/v8-m.main+fp/hard\libc_nano.a(libc_a-readr.o)
 .ARM.attributes
                0x000007e2       0x38 C:/ST/STM32CubeIDE_1.18.0/STM32CubeIDE/plugins/com.st.stm32cube.ide.mcu.externaltools.gnu-tools-for-stm32.13.3.rel1.win32_1.0.0.202411081344/tools/bin/../lib/gcc/arm-none-eabi/13.3.1/../../../../arm-none-eabi/lib/thumb/v8-m.main+fp/hard\libc_nano.a(libc_a-writer.o)
 .ARM.attributes
                0x0000081a       0x38 C:/ST/STM32CubeIDE_1.18.0/STM32CubeIDE/plugins/com.st.stm32cube.ide.mcu.externaltools.gnu-tools-for-stm32.13.3.rel1.win32_1.0.0.202411081344/tools/bin/../lib/gcc/arm-none-eabi/13.3.1/../../../../arm-none-eabi/lib/thumb/v8-m.main+fp/hard\libc_nano.a(libc_a-errno.o)
 .ARM.attributes
                0x00000852       0x38 C:/ST/STM32CubeIDE_1.18.0/STM32CubeIDE/plugins/com.st.stm32cube.ide.mcu.externaltools.gnu-tools-for-stm32.13.3.rel1.win32_1.0.0.202411081344/tools/bin/../lib/gcc/arm-none-eabi/13.3.1/../../../../arm-none-eabi/lib/thumb/v8-m.main+fp/hard\libc_nano.a(libc_a-init.o)
 .ARM.attributes
                0x0000088a       0x38 C:/ST/STM32CubeIDE_1.18.0/STM32CubeIDE/plugins/com.st.stm32cube.ide.mcu.externaltools.gnu-tools-for-stm32.13.3.rel1.win32_1.0.0.202411081344/tools/bin/../lib/gcc/arm-none-eabi/13.3.1/../../../../arm-none-eabi/lib/thumb/v8-m.main+fp/hard\libc_nano.a(libc_a-lock.o)
 .ARM.attributes
                0x000008c2       0x38 C:/ST/STM32CubeIDE_1.18.0/STM32CubeIDE/plugins/com.st.stm32cube.ide.mcu.externaltools.gnu-tools-for-stm32.13.3.rel1.win32_1.0.0.202411081344/tools/bin/../lib/gcc/arm-none-eabi/13.3.1/../../../../arm-none-eabi/lib/thumb/v8-m.main+fp/hard\libc_nano.a(libc_a-memchr-stub.o)
 .ARM.attributes
                0x000008fa       0x24 C:/ST/STM32CubeIDE_1.18.0/STM32CubeIDE/plugins/com.st.stm32cube.ide.mcu.externaltools.gnu-tools-for-stm32.13.3.rel1.win32_1.0.0.202411081344/tools/bin/../lib/gcc/arm-none-eabi/13.3.1/../../../../arm-none-eabi/lib/thumb/v8-m.main+fp/hard\libc_nano.a(libc_a-strlen.o)
 .ARM.attributes
                0x0000091e       0x38 C:/ST/STM32CubeIDE_1.18.0/STM32CubeIDE/plugins/com.st.stm32cube.ide.mcu.externaltools.gnu-tools-for-stm32.13.3.rel1.win32_1.0.0.202411081344/tools/bin/../lib/gcc/arm-none-eabi/13.3.1/../../../../arm-none-eabi/lib/thumb/v8-m.main+fp/hard\libc_nano.a(libc_a-dtoa.o)
 .ARM.attributes
                0x00000956       0x38 C:/ST/STM32CubeIDE_1.18.0/STM32CubeIDE/plugins/com.st.stm32cube.ide.mcu.externaltools.gnu-tools-for-stm32.13.3.rel1.win32_1.0.0.202411081344/tools/bin/../lib/gcc/arm-none-eabi/13.3.1/../../../../arm-none-eabi/lib/thumb/v8-m.main+fp/hard\libc_nano.a(libc_a-freer.o)
 .ARM.attributes
                0x0000098e       0x38 C:/ST/STM32CubeIDE_1.18.0/STM32CubeIDE/plugins/com.st.stm32cube.ide.mcu.externaltools.gnu-tools-for-stm32.13.3.rel1.win32_1.0.0.202411081344/tools/bin/../lib/gcc/arm-none-eabi/13.3.1/../../../../arm-none-eabi/lib/thumb/v8-m.main+fp/hard\libc_nano.a(libc_a-malloc.o)
 .ARM.attributes
                0x000009c6       0x38 C:/ST/STM32CubeIDE_1.18.0/STM32CubeIDE/plugins/com.st.stm32cube.ide.mcu.externaltools.gnu-tools-for-stm32.13.3.rel1.win32_1.0.0.202411081344/tools/bin/../lib/gcc/arm-none-eabi/13.3.1/../../../../arm-none-eabi/lib/thumb/v8-m.main+fp/hard\libc_nano.a(libc_a-mallocr.o)
 .ARM.attributes
                0x000009fe       0x38 C:/ST/STM32CubeIDE_1.18.0/STM32CubeIDE/plugins/com.st.stm32cube.ide.mcu.externaltools.gnu-tools-for-stm32.13.3.rel1.win32_1.0.0.202411081344/tools/bin/../lib/gcc/arm-none-eabi/13.3.1/../../../../arm-none-eabi/lib/thumb/v8-m.main+fp/hard\libc_nano.a(libc_a-mlock.o)
 .ARM.attributes
                0x00000a36       0x38 C:/ST/STM32CubeIDE_1.18.0/STM32CubeIDE/plugins/com.st.stm32cube.ide.mcu.externaltools.gnu-tools-for-stm32.13.3.rel1.win32_1.0.0.202411081344/tools/bin/../lib/gcc/arm-none-eabi/13.3.1/../../../../arm-none-eabi/lib/thumb/v8-m.main+fp/hard\libc_nano.a(libc_a-mprec.o)
 .ARM.attributes
                0x00000a6e       0x38 C:/ST/STM32CubeIDE_1.18.0/STM32CubeIDE/plugins/com.st.stm32cube.ide.mcu.externaltools.gnu-tools-for-stm32.13.3.rel1.win32_1.0.0.202411081344/tools/bin/../lib/gcc/arm-none-eabi/13.3.1/../../../../arm-none-eabi/lib/thumb/v8-m.main+fp/hard\libc_nano.a(libc_a-nano-svfprintf.o)
 .ARM.attributes
                0x00000aa6       0x38 C:/ST/STM32CubeIDE_1.18.0/STM32CubeIDE/plugins/com.st.stm32cube.ide.mcu.externaltools.gnu-tools-for-stm32.13.3.rel1.win32_1.0.0.202411081344/tools/bin/../lib/gcc/arm-none-eabi/13.3.1/../../../../arm-none-eabi/lib/thumb/v8-m.main+fp/hard\libc_nano.a(libc_a-fflush.o)
 .ARM.attributes
                0x00000ade       0x38 C:/ST/STM32CubeIDE_1.18.0/STM32CubeIDE/plugins/com.st.stm32cube.ide.mcu.externaltools.gnu-tools-for-stm32.13.3.rel1.win32_1.0.0.202411081344/tools/bin/../lib/gcc/arm-none-eabi/13.3.1/../../../../arm-none-eabi/lib/thumb/v8-m.main+fp/hard\libc_nano.a(libc_a-memmove.o)
 .ARM.attributes